<!doctype html public "-//w3c//dtd html 4.0 transitional//en">
<html><head>
<title>Static Call Graph - [.\Objects\Project.axf]</title></head>
<body><HR>
<H1>Static Call Graph for image .\Objects\Project.axf</H1><HR>
<BR><P>#&#060CALLGRAPH&#062# ARM Linker, 5060960: Last Updated: Wed Dec 18 23:17:47 2024
<BR><P>
<H3>Maximum Stack Usage =        328 bytes + Unknown(Cycles, Untraceable Function Pointers)</H3><H3>
Call chain for Maximum Stack Depth:</H3>
Menu_Main &rArr; Menu_RunMainMenu &rArr; Menu_RunMenu &rArr; Menu_PrintfOptionStr &rArr; OLED_ShowStringArea &rArr; OLED_MyShowChinese &rArr; OLED_ShowImage &rArr; OLED_ClearArea
<P>
<H3>
Mutually Recursive functions
</H3> <LI><a href="#[25]">ADC1_2_IRQHandler</a>&nbsp;&nbsp;&nbsp;&rArr;&nbsp;&nbsp;&nbsp;<a href="#[25]">ADC1_2_IRQHandler</a><BR>
</UL>
<P>
<H3>
Function Pointers
</H3><UL>
 <LI><a href="#[25]">ADC1_2_IRQHandler</a> from startup_stm32f10x_hd.o(.text) referenced from startup_stm32f10x_hd.o(RESET)
 <LI><a href="#[42]">ADC3_IRQHandler</a> from startup_stm32f10x_hd.o(.text) referenced from startup_stm32f10x_hd.o(RESET)
 <LI><a href="#[5]">Add_FR</a> from menu_data.o(i.Add_FR) referenced 2 times from menu_data.o(.data)
 <LI><a href="#[d]">BusFault_Handler</a> from stm32f10x_it.o(i.BusFault_Handler) referenced from startup_stm32f10x_hd.o(RESET)
 <LI><a href="#[28]">CAN1_RX1_IRQHandler</a> from startup_stm32f10x_hd.o(.text) referenced from startup_stm32f10x_hd.o(RESET)
 <LI><a href="#[29]">CAN1_SCE_IRQHandler</a> from startup_stm32f10x_hd.o(.text) referenced from startup_stm32f10x_hd.o(RESET)
 <LI><a href="#[1e]">DMA1_Channel1_IRQHandler</a> from startup_stm32f10x_hd.o(.text) referenced from startup_stm32f10x_hd.o(RESET)
 <LI><a href="#[1f]">DMA1_Channel2_IRQHandler</a> from startup_stm32f10x_hd.o(.text) referenced from startup_stm32f10x_hd.o(RESET)
 <LI><a href="#[20]">DMA1_Channel3_IRQHandler</a> from startup_stm32f10x_hd.o(.text) referenced from startup_stm32f10x_hd.o(RESET)
 <LI><a href="#[21]">DMA1_Channel4_IRQHandler</a> from startup_stm32f10x_hd.o(.text) referenced from startup_stm32f10x_hd.o(RESET)
 <LI><a href="#[22]">DMA1_Channel5_IRQHandler</a> from startup_stm32f10x_hd.o(.text) referenced from startup_stm32f10x_hd.o(RESET)
 <LI><a href="#[23]">DMA1_Channel6_IRQHandler</a> from startup_stm32f10x_hd.o(.text) referenced from startup_stm32f10x_hd.o(RESET)
 <LI><a href="#[24]">DMA1_Channel7_IRQHandler</a> from startup_stm32f10x_hd.o(.text) referenced from startup_stm32f10x_hd.o(RESET)
 <LI><a href="#[4b]">DMA2_Channel1_IRQHandler</a> from startup_stm32f10x_hd.o(.text) referenced from startup_stm32f10x_hd.o(RESET)
 <LI><a href="#[4c]">DMA2_Channel2_IRQHandler</a> from startup_stm32f10x_hd.o(.text) referenced from startup_stm32f10x_hd.o(RESET)
 <LI><a href="#[4d]">DMA2_Channel3_IRQHandler</a> from startup_stm32f10x_hd.o(.text) referenced from startup_stm32f10x_hd.o(RESET)
 <LI><a href="#[4e]">DMA2_Channel4_5_IRQHandler</a> from startup_stm32f10x_hd.o(.text) referenced from startup_stm32f10x_hd.o(RESET)
 <LI><a href="#[10]">DebugMon_Handler</a> from stm32f10x_it.o(i.DebugMon_Handler) referenced from startup_stm32f10x_hd.o(RESET)
 <LI><a href="#[7]">Del_FR</a> from menu_data.o(i.Del_FR) referenced 2 times from menu_data.o(.data)
 <LI><a href="#[19]">EXTI0_IRQHandler</a> from startup_stm32f10x_hd.o(.text) referenced from startup_stm32f10x_hd.o(RESET)
 <LI><a href="#[3b]">EXTI15_10_IRQHandler</a> from encoder.o(i.EXTI15_10_IRQHandler) referenced from startup_stm32f10x_hd.o(RESET)
 <LI><a href="#[1a]">EXTI1_IRQHandler</a> from startup_stm32f10x_hd.o(.text) referenced from startup_stm32f10x_hd.o(RESET)
 <LI><a href="#[1b]">EXTI2_IRQHandler</a> from startup_stm32f10x_hd.o(.text) referenced from startup_stm32f10x_hd.o(RESET)
 <LI><a href="#[1c]">EXTI3_IRQHandler</a> from startup_stm32f10x_hd.o(.text) referenced from startup_stm32f10x_hd.o(RESET)
 <LI><a href="#[1d]">EXTI4_IRQHandler</a> from startup_stm32f10x_hd.o(.text) referenced from startup_stm32f10x_hd.o(RESET)
 <LI><a href="#[2a]">EXTI9_5_IRQHandler</a> from startup_stm32f10x_hd.o(.text) referenced from startup_stm32f10x_hd.o(RESET)
 <LI><a href="#[17]">FLASH_IRQHandler</a> from startup_stm32f10x_hd.o(.text) referenced from startup_stm32f10x_hd.o(RESET)
 <LI><a href="#[43]">FSMC_IRQHandler</a> from startup_stm32f10x_hd.o(.text) referenced from startup_stm32f10x_hd.o(RESET)
 <LI><a href="#[b]">HardFault_Handler</a> from stm32f10x_it.o(i.HardFault_Handler) referenced from startup_stm32f10x_hd.o(RESET)
 <LI><a href="#[33]">I2C1_ER_IRQHandler</a> from startup_stm32f10x_hd.o(.text) referenced from startup_stm32f10x_hd.o(RESET)
 <LI><a href="#[32]">I2C1_EV_IRQHandler</a> from startup_stm32f10x_hd.o(.text) referenced from startup_stm32f10x_hd.o(RESET)
 <LI><a href="#[35]">I2C2_ER_IRQHandler</a> from startup_stm32f10x_hd.o(.text) referenced from startup_stm32f10x_hd.o(RESET)
 <LI><a href="#[34]">I2C2_EV_IRQHandler</a> from startup_stm32f10x_hd.o(.text) referenced from startup_stm32f10x_hd.o(RESET)
 <LI><a href="#[c]">MemManage_Handler</a> from stm32f10x_it.o(i.MemManage_Handler) referenced from startup_stm32f10x_hd.o(RESET)
 <LI><a href="#[4]">Menu_FingerPrintMenu</a> from menu_data.o(i.Menu_FingerPrintMenu) referenced 2 times from menu_data.o(.data)
 <LI><a href="#[8]">Menu_Information</a> from menu_data.o(i.Menu_Information) referenced 2 times from menu_data.o(.data)
 <LI><a href="#[0]">Menu_Main</a> from menu_data.o(i.Menu_Main) referenced 2 times from menu_data.o(.data)
 <LI><a href="#[3]">Menu_PassCode</a> from menu_data.o(i.Menu_PassCode) referenced 2 times from menu_data.o(.data)
 <LI><a href="#[2]">Menu_RunSettingMenu</a> from menu_data.o(i.Menu_RunSettingMenu) referenced 2 times from menu_data.o(.data)
 <LI><a href="#[1]">Menu_RunUnlockMenu</a> from menu_data.o(i.Menu_RunUnlockMenu) referenced 2 times from menu_data.o(.data)
 <LI><a href="#[a]">NMI_Handler</a> from stm32f10x_it.o(i.NMI_Handler) referenced from startup_stm32f10x_hd.o(RESET)
 <LI><a href="#[14]">PVD_IRQHandler</a> from startup_stm32f10x_hd.o(.text) referenced from startup_stm32f10x_hd.o(RESET)
 <LI><a href="#[18]">RCC_IRQHandler</a> from startup_stm32f10x_hd.o(.text) referenced from startup_stm32f10x_hd.o(RESET)
 <LI><a href="#[3c]">RTCAlarm_IRQHandler</a> from startup_stm32f10x_hd.o(.text) referenced from startup_stm32f10x_hd.o(RESET)
 <LI><a href="#[16]">RTC_IRQHandler</a> from startup_stm32f10x_hd.o(.text) referenced from startup_stm32f10x_hd.o(RESET)
 <LI><a href="#[9]">Reset_Handler</a> from startup_stm32f10x_hd.o(.text) referenced from startup_stm32f10x_hd.o(RESET)
 <LI><a href="#[44]">SDIO_IRQHandler</a> from startup_stm32f10x_hd.o(.text) referenced from startup_stm32f10x_hd.o(RESET)
 <LI><a href="#[36]">SPI1_IRQHandler</a> from startup_stm32f10x_hd.o(.text) referenced from startup_stm32f10x_hd.o(RESET)
 <LI><a href="#[37]">SPI2_IRQHandler</a> from startup_stm32f10x_hd.o(.text) referenced from startup_stm32f10x_hd.o(RESET)
 <LI><a href="#[46]">SPI3_IRQHandler</a> from startup_stm32f10x_hd.o(.text) referenced from startup_stm32f10x_hd.o(RESET)
 <LI><a href="#[50]">SystemInit</a> from system_stm32f10x.o(i.SystemInit) referenced from startup_stm32f10x_hd.o(.text)
 <LI><a href="#[15]">TAMPER_IRQHandler</a> from startup_stm32f10x_hd.o(.text) referenced from startup_stm32f10x_hd.o(RESET)
 <LI><a href="#[2b]">TIM1_BRK_IRQHandler</a> from startup_stm32f10x_hd.o(.text) referenced from startup_stm32f10x_hd.o(RESET)
 <LI><a href="#[2e]">TIM1_CC_IRQHandler</a> from startup_stm32f10x_hd.o(.text) referenced from startup_stm32f10x_hd.o(RESET)
 <LI><a href="#[2d]">TIM1_TRG_COM_IRQHandler</a> from startup_stm32f10x_hd.o(.text) referenced from startup_stm32f10x_hd.o(RESET)
 <LI><a href="#[2c]">TIM1_UP_IRQHandler</a> from startup_stm32f10x_hd.o(.text) referenced from startup_stm32f10x_hd.o(RESET)
 <LI><a href="#[2f]">TIM2_IRQHandler</a> from startup_stm32f10x_hd.o(.text) referenced from startup_stm32f10x_hd.o(RESET)
 <LI><a href="#[30]">TIM3_IRQHandler</a> from startup_stm32f10x_hd.o(.text) referenced from startup_stm32f10x_hd.o(RESET)
 <LI><a href="#[31]">TIM4_IRQHandler</a> from startup_stm32f10x_hd.o(.text) referenced from startup_stm32f10x_hd.o(RESET)
 <LI><a href="#[45]">TIM5_IRQHandler</a> from startup_stm32f10x_hd.o(.text) referenced from startup_stm32f10x_hd.o(RESET)
 <LI><a href="#[49]">TIM6_IRQHandler</a> from startup_stm32f10x_hd.o(.text) referenced from startup_stm32f10x_hd.o(RESET)
 <LI><a href="#[4a]">TIM7_IRQHandler</a> from startup_stm32f10x_hd.o(.text) referenced from startup_stm32f10x_hd.o(RESET)
 <LI><a href="#[3e]">TIM8_BRK_IRQHandler</a> from startup_stm32f10x_hd.o(.text) referenced from startup_stm32f10x_hd.o(RESET)
 <LI><a href="#[41]">TIM8_CC_IRQHandler</a> from startup_stm32f10x_hd.o(.text) referenced from startup_stm32f10x_hd.o(RESET)
 <LI><a href="#[40]">TIM8_TRG_COM_IRQHandler</a> from startup_stm32f10x_hd.o(.text) referenced from startup_stm32f10x_hd.o(RESET)
 <LI><a href="#[3f]">TIM8_UP_IRQHandler</a> from startup_stm32f10x_hd.o(.text) referenced from startup_stm32f10x_hd.o(RESET)
 <LI><a href="#[47]">UART4_IRQHandler</a> from startup_stm32f10x_hd.o(.text) referenced from startup_stm32f10x_hd.o(RESET)
 <LI><a href="#[48]">UART5_IRQHandler</a> from startup_stm32f10x_hd.o(.text) referenced from startup_stm32f10x_hd.o(RESET)
 <LI><a href="#[38]">USART1_IRQHandler</a> from startup_stm32f10x_hd.o(.text) referenced from startup_stm32f10x_hd.o(RESET)
 <LI><a href="#[39]">USART2_IRQHandler</a> from serial.o(i.USART2_IRQHandler) referenced from startup_stm32f10x_hd.o(RESET)
 <LI><a href="#[3a]">USART3_IRQHandler</a> from usart1.o(i.USART3_IRQHandler) referenced from startup_stm32f10x_hd.o(RESET)
 <LI><a href="#[3d]">USBWakeUp_IRQHandler</a> from startup_stm32f10x_hd.o(.text) referenced from startup_stm32f10x_hd.o(RESET)
 <LI><a href="#[26]">USB_HP_CAN1_TX_IRQHandler</a> from startup_stm32f10x_hd.o(.text) referenced from startup_stm32f10x_hd.o(RESET)
 <LI><a href="#[27]">USB_LP_CAN1_RX0_IRQHandler</a> from startup_stm32f10x_hd.o(.text) referenced from startup_stm32f10x_hd.o(RESET)
 <LI><a href="#[e]">UsageFault_Handler</a> from stm32f10x_it.o(i.UsageFault_Handler) referenced from startup_stm32f10x_hd.o(RESET)
 <LI><a href="#[13]">WWDG_IRQHandler</a> from startup_stm32f10x_hd.o(.text) referenced from startup_stm32f10x_hd.o(RESET)
 <LI><a href="#[51]">__main</a> from entry.o(.ARM.Collect$$$$00000000) referenced from startup_stm32f10x_hd.o(.text)
 <LI><a href="#[53]">_sputc</a> from printfa.o(i._sputc) referenced from printfa.o(i.__0vsprintf)
 <LI><a href="#[52]">fputc</a> from serial.o(i.fputc) referenced from printfa.o(i.__0printf)
 <LI><a href="#[4f]">main</a> from main.o(i.main) referenced from entry9a.o(.ARM.Collect$$$$0000000B)
 <LI><a href="#[6]">press_FR</a> from menu_data.o(i.press_FR) referenced 2 times from menu_data.o(.data)
 <LI><a href="#[59]">prvIdleTask</a> from tasks.o(i.prvIdleTask) referenced from tasks.o(i.vTaskStartScheduler)
 <LI><a href="#[55]">prvTaskExitError</a> from port.o(i.prvTaskExitError) referenced from port.o(i.pxPortInitialiseStack)
 <LI><a href="#[54]">start_task</a> from freertos_demo.o(i.start_task) referenced from freertos_demo.o(i.freertos_demo)
 <LI><a href="#[56]">task1</a> from freertos_demo.o(i.task1) referenced from freertos_demo.o(i.start_task)
 <LI><a href="#[57]">task2</a> from freertos_demo.o(i.task2) referenced from freertos_demo.o(i.start_task)
 <LI><a href="#[58]">task3</a> from freertos_demo.o(i.task3) referenced from freertos_demo.o(i.start_task)
 <LI><a href="#[f]">vPortSVCHandler</a> from port.o(.emb_text) referenced from startup_stm32f10x_hd.o(RESET)
 <LI><a href="#[11]">xPortPendSVHandler</a> from port.o(.emb_text) referenced from startup_stm32f10x_hd.o(RESET)
 <LI><a href="#[12]">xPortSysTickHandler</a> from port.o(i.xPortSysTickHandler) referenced from startup_stm32f10x_hd.o(RESET)
</UL>
<P>
<H3>
Global Symbols
</H3>
<P><STRONG><a name="[51]"></a>__main</STRONG> (Thumb, 0 bytes, Stack size unknown bytes, entry.o(.ARM.Collect$$$$00000000))
<BR>[Address Reference Count : 1]<UL><LI> startup_stm32f10x_hd.o(.text)
</UL>
<P><STRONG><a name="[137]"></a>_main_stk</STRONG> (Thumb, 0 bytes, Stack size unknown bytes, entry2.o(.ARM.Collect$$$$00000001))

<P><STRONG><a name="[5a]"></a>_main_scatterload</STRONG> (Thumb, 0 bytes, Stack size unknown bytes, entry5.o(.ARM.Collect$$$$00000004))
<BR><BR>[Calls]<UL><LI><a href="#[5b]">&gt;&gt;</a>&nbsp;&nbsp;&nbsp;__scatterload
</UL>

<P><STRONG><a name="[76]"></a>__main_after_scatterload</STRONG> (Thumb, 0 bytes, Stack size unknown bytes, entry5.o(.ARM.Collect$$$$00000004))
<BR><BR>[Called By]<UL><LI><a href="#[5b]">&gt;&gt;</a>&nbsp;&nbsp;&nbsp;__scatterload
</UL>

<P><STRONG><a name="[138]"></a>_main_clock</STRONG> (Thumb, 0 bytes, Stack size unknown bytes, entry7b.o(.ARM.Collect$$$$00000008))

<P><STRONG><a name="[139]"></a>_main_cpp_init</STRONG> (Thumb, 0 bytes, Stack size unknown bytes, entry8b.o(.ARM.Collect$$$$0000000A))

<P><STRONG><a name="[13a]"></a>_main_init</STRONG> (Thumb, 0 bytes, Stack size unknown bytes, entry9a.o(.ARM.Collect$$$$0000000B))

<P><STRONG><a name="[13b]"></a>__rt_lib_shutdown_fini</STRONG> (Thumb, 0 bytes, Stack size unknown bytes, entry12b.o(.ARM.Collect$$$$0000000E))

<P><STRONG><a name="[13c]"></a>__rt_final_cpp</STRONG> (Thumb, 0 bytes, Stack size unknown bytes, entry10a.o(.ARM.Collect$$$$0000000F))

<P><STRONG><a name="[13d]"></a>__rt_final_exit</STRONG> (Thumb, 0 bytes, Stack size unknown bytes, entry11a.o(.ARM.Collect$$$$00000011))

<P><STRONG><a name="[f]"></a>vPortSVCHandler</STRONG> (Thumb, 32 bytes, Stack size 0 bytes, port.o(.emb_text))
<BR>[Address Reference Count : 1]<UL><LI> startup_stm32f10x_hd.o(RESET)
</UL>
<P><STRONG><a name="[135]"></a>__asm___6_port_c_39a90d8d__prvStartFirstTask</STRONG> (Thumb, 28 bytes, Stack size 0 bytes, port.o(.emb_text))
<BR><BR>[Called By]<UL><LI><a href="#[133]">&gt;&gt;</a>&nbsp;&nbsp;&nbsp;xPortStartScheduler
</UL>

<P><STRONG><a name="[11]"></a>xPortPendSVHandler</STRONG> (Thumb, 72 bytes, Stack size 0 bytes, port.o(.emb_text))
<BR><BR>[Calls]<UL><LI><a href="#[5c]">&gt;&gt;</a>&nbsp;&nbsp;&nbsp;vTaskSwitchContext
</UL>
<BR>[Address Reference Count : 1]<UL><LI> startup_stm32f10x_hd.o(RESET)
</UL>
<P><STRONG><a name="[13e]"></a>vPortGetIPSR</STRONG> (Thumb, 6 bytes, Stack size 0 bytes, port.o(.emb_text), UNUSED)

<P><STRONG><a name="[9]"></a>Reset_Handler</STRONG> (Thumb, 8 bytes, Stack size 0 bytes, startup_stm32f10x_hd.o(.text))
<BR>[Address Reference Count : 1]<UL><LI> startup_stm32f10x_hd.o(RESET)
</UL>
<P><STRONG><a name="[25]"></a>ADC1_2_IRQHandler</STRONG> (Thumb, 0 bytes, Stack size 0 bytes, startup_stm32f10x_hd.o(.text))
<BR><BR>[Calls]<UL><LI><a href="#[25]">&gt;&gt;</a>&nbsp;&nbsp;&nbsp;ADC1_2_IRQHandler
</UL>
<BR>[Called By]<UL><LI><a href="#[25]">&gt;&gt;</a>&nbsp;&nbsp;&nbsp;ADC1_2_IRQHandler
</UL>
<BR>[Address Reference Count : 1]<UL><LI> startup_stm32f10x_hd.o(RESET)
</UL>
<P><STRONG><a name="[42]"></a>ADC3_IRQHandler</STRONG> (Thumb, 0 bytes, Stack size 0 bytes, startup_stm32f10x_hd.o(.text))
<BR>[Address Reference Count : 1]<UL><LI> startup_stm32f10x_hd.o(RESET)
</UL>
<P><STRONG><a name="[28]"></a>CAN1_RX1_IRQHandler</STRONG> (Thumb, 0 bytes, Stack size 0 bytes, startup_stm32f10x_hd.o(.text))
<BR>[Address Reference Count : 1]<UL><LI> startup_stm32f10x_hd.o(RESET)
</UL>
<P><STRONG><a name="[29]"></a>CAN1_SCE_IRQHandler</STRONG> (Thumb, 0 bytes, Stack size 0 bytes, startup_stm32f10x_hd.o(.text))
<BR>[Address Reference Count : 1]<UL><LI> startup_stm32f10x_hd.o(RESET)
</UL>
<P><STRONG><a name="[1e]"></a>DMA1_Channel1_IRQHandler</STRONG> (Thumb, 0 bytes, Stack size 0 bytes, startup_stm32f10x_hd.o(.text))
<BR>[Address Reference Count : 1]<UL><LI> startup_stm32f10x_hd.o(RESET)
</UL>
<P><STRONG><a name="[1f]"></a>DMA1_Channel2_IRQHandler</STRONG> (Thumb, 0 bytes, Stack size 0 bytes, startup_stm32f10x_hd.o(.text))
<BR>[Address Reference Count : 1]<UL><LI> startup_stm32f10x_hd.o(RESET)
</UL>
<P><STRONG><a name="[20]"></a>DMA1_Channel3_IRQHandler</STRONG> (Thumb, 0 bytes, Stack size 0 bytes, startup_stm32f10x_hd.o(.text))
<BR>[Address Reference Count : 1]<UL><LI> startup_stm32f10x_hd.o(RESET)
</UL>
<P><STRONG><a name="[21]"></a>DMA1_Channel4_IRQHandler</STRONG> (Thumb, 0 bytes, Stack size 0 bytes, startup_stm32f10x_hd.o(.text))
<BR>[Address Reference Count : 1]<UL><LI> startup_stm32f10x_hd.o(RESET)
</UL>
<P><STRONG><a name="[22]"></a>DMA1_Channel5_IRQHandler</STRONG> (Thumb, 0 bytes, Stack size 0 bytes, startup_stm32f10x_hd.o(.text))
<BR>[Address Reference Count : 1]<UL><LI> startup_stm32f10x_hd.o(RESET)
</UL>
<P><STRONG><a name="[23]"></a>DMA1_Channel6_IRQHandler</STRONG> (Thumb, 0 bytes, Stack size 0 bytes, startup_stm32f10x_hd.o(.text))
<BR>[Address Reference Count : 1]<UL><LI> startup_stm32f10x_hd.o(RESET)
</UL>
<P><STRONG><a name="[24]"></a>DMA1_Channel7_IRQHandler</STRONG> (Thumb, 0 bytes, Stack size 0 bytes, startup_stm32f10x_hd.o(.text))
<BR>[Address Reference Count : 1]<UL><LI> startup_stm32f10x_hd.o(RESET)
</UL>
<P><STRONG><a name="[4b]"></a>DMA2_Channel1_IRQHandler</STRONG> (Thumb, 0 bytes, Stack size 0 bytes, startup_stm32f10x_hd.o(.text))
<BR>[Address Reference Count : 1]<UL><LI> startup_stm32f10x_hd.o(RESET)
</UL>
<P><STRONG><a name="[4c]"></a>DMA2_Channel2_IRQHandler</STRONG> (Thumb, 0 bytes, Stack size 0 bytes, startup_stm32f10x_hd.o(.text))
<BR>[Address Reference Count : 1]<UL><LI> startup_stm32f10x_hd.o(RESET)
</UL>
<P><STRONG><a name="[4d]"></a>DMA2_Channel3_IRQHandler</STRONG> (Thumb, 0 bytes, Stack size 0 bytes, startup_stm32f10x_hd.o(.text))
<BR>[Address Reference Count : 1]<UL><LI> startup_stm32f10x_hd.o(RESET)
</UL>
<P><STRONG><a name="[4e]"></a>DMA2_Channel4_5_IRQHandler</STRONG> (Thumb, 0 bytes, Stack size 0 bytes, startup_stm32f10x_hd.o(.text))
<BR>[Address Reference Count : 1]<UL><LI> startup_stm32f10x_hd.o(RESET)
</UL>
<P><STRONG><a name="[19]"></a>EXTI0_IRQHandler</STRONG> (Thumb, 0 bytes, Stack size 0 bytes, startup_stm32f10x_hd.o(.text))
<BR>[Address Reference Count : 1]<UL><LI> startup_stm32f10x_hd.o(RESET)
</UL>
<P><STRONG><a name="[1a]"></a>EXTI1_IRQHandler</STRONG> (Thumb, 0 bytes, Stack size 0 bytes, startup_stm32f10x_hd.o(.text))
<BR>[Address Reference Count : 1]<UL><LI> startup_stm32f10x_hd.o(RESET)
</UL>
<P><STRONG><a name="[1b]"></a>EXTI2_IRQHandler</STRONG> (Thumb, 0 bytes, Stack size 0 bytes, startup_stm32f10x_hd.o(.text))
<BR>[Address Reference Count : 1]<UL><LI> startup_stm32f10x_hd.o(RESET)
</UL>
<P><STRONG><a name="[1c]"></a>EXTI3_IRQHandler</STRONG> (Thumb, 0 bytes, Stack size 0 bytes, startup_stm32f10x_hd.o(.text))
<BR>[Address Reference Count : 1]<UL><LI> startup_stm32f10x_hd.o(RESET)
</UL>
<P><STRONG><a name="[1d]"></a>EXTI4_IRQHandler</STRONG> (Thumb, 0 bytes, Stack size 0 bytes, startup_stm32f10x_hd.o(.text))
<BR>[Address Reference Count : 1]<UL><LI> startup_stm32f10x_hd.o(RESET)
</UL>
<P><STRONG><a name="[2a]"></a>EXTI9_5_IRQHandler</STRONG> (Thumb, 0 bytes, Stack size 0 bytes, startup_stm32f10x_hd.o(.text))
<BR>[Address Reference Count : 1]<UL><LI> startup_stm32f10x_hd.o(RESET)
</UL>
<P><STRONG><a name="[17]"></a>FLASH_IRQHandler</STRONG> (Thumb, 0 bytes, Stack size 0 bytes, startup_stm32f10x_hd.o(.text))
<BR>[Address Reference Count : 1]<UL><LI> startup_stm32f10x_hd.o(RESET)
</UL>
<P><STRONG><a name="[43]"></a>FSMC_IRQHandler</STRONG> (Thumb, 0 bytes, Stack size 0 bytes, startup_stm32f10x_hd.o(.text))
<BR>[Address Reference Count : 1]<UL><LI> startup_stm32f10x_hd.o(RESET)
</UL>
<P><STRONG><a name="[33]"></a>I2C1_ER_IRQHandler</STRONG> (Thumb, 0 bytes, Stack size 0 bytes, startup_stm32f10x_hd.o(.text))
<BR>[Address Reference Count : 1]<UL><LI> startup_stm32f10x_hd.o(RESET)
</UL>
<P><STRONG><a name="[32]"></a>I2C1_EV_IRQHandler</STRONG> (Thumb, 0 bytes, Stack size 0 bytes, startup_stm32f10x_hd.o(.text))
<BR>[Address Reference Count : 1]<UL><LI> startup_stm32f10x_hd.o(RESET)
</UL>
<P><STRONG><a name="[35]"></a>I2C2_ER_IRQHandler</STRONG> (Thumb, 0 bytes, Stack size 0 bytes, startup_stm32f10x_hd.o(.text))
<BR>[Address Reference Count : 1]<UL><LI> startup_stm32f10x_hd.o(RESET)
</UL>
<P><STRONG><a name="[34]"></a>I2C2_EV_IRQHandler</STRONG> (Thumb, 0 bytes, Stack size 0 bytes, startup_stm32f10x_hd.o(.text))
<BR>[Address Reference Count : 1]<UL><LI> startup_stm32f10x_hd.o(RESET)
</UL>
<P><STRONG><a name="[14]"></a>PVD_IRQHandler</STRONG> (Thumb, 0 bytes, Stack size 0 bytes, startup_stm32f10x_hd.o(.text))
<BR>[Address Reference Count : 1]<UL><LI> startup_stm32f10x_hd.o(RESET)
</UL>
<P><STRONG><a name="[18]"></a>RCC_IRQHandler</STRONG> (Thumb, 0 bytes, Stack size 0 bytes, startup_stm32f10x_hd.o(.text))
<BR>[Address Reference Count : 1]<UL><LI> startup_stm32f10x_hd.o(RESET)
</UL>
<P><STRONG><a name="[3c]"></a>RTCAlarm_IRQHandler</STRONG> (Thumb, 0 bytes, Stack size 0 bytes, startup_stm32f10x_hd.o(.text))
<BR>[Address Reference Count : 1]<UL><LI> startup_stm32f10x_hd.o(RESET)
</UL>
<P><STRONG><a name="[16]"></a>RTC_IRQHandler</STRONG> (Thumb, 0 bytes, Stack size 0 bytes, startup_stm32f10x_hd.o(.text))
<BR>[Address Reference Count : 1]<UL><LI> startup_stm32f10x_hd.o(RESET)
</UL>
<P><STRONG><a name="[44]"></a>SDIO_IRQHandler</STRONG> (Thumb, 0 bytes, Stack size 0 bytes, startup_stm32f10x_hd.o(.text))
<BR>[Address Reference Count : 1]<UL><LI> startup_stm32f10x_hd.o(RESET)
</UL>
<P><STRONG><a name="[36]"></a>SPI1_IRQHandler</STRONG> (Thumb, 0 bytes, Stack size 0 bytes, startup_stm32f10x_hd.o(.text))
<BR>[Address Reference Count : 1]<UL><LI> startup_stm32f10x_hd.o(RESET)
</UL>
<P><STRONG><a name="[37]"></a>SPI2_IRQHandler</STRONG> (Thumb, 0 bytes, Stack size 0 bytes, startup_stm32f10x_hd.o(.text))
<BR>[Address Reference Count : 1]<UL><LI> startup_stm32f10x_hd.o(RESET)
</UL>
<P><STRONG><a name="[46]"></a>SPI3_IRQHandler</STRONG> (Thumb, 0 bytes, Stack size 0 bytes, startup_stm32f10x_hd.o(.text))
<BR>[Address Reference Count : 1]<UL><LI> startup_stm32f10x_hd.o(RESET)
</UL>
<P><STRONG><a name="[15]"></a>TAMPER_IRQHandler</STRONG> (Thumb, 0 bytes, Stack size 0 bytes, startup_stm32f10x_hd.o(.text))
<BR>[Address Reference Count : 1]<UL><LI> startup_stm32f10x_hd.o(RESET)
</UL>
<P><STRONG><a name="[2b]"></a>TIM1_BRK_IRQHandler</STRONG> (Thumb, 0 bytes, Stack size 0 bytes, startup_stm32f10x_hd.o(.text))
<BR>[Address Reference Count : 1]<UL><LI> startup_stm32f10x_hd.o(RESET)
</UL>
<P><STRONG><a name="[2e]"></a>TIM1_CC_IRQHandler</STRONG> (Thumb, 0 bytes, Stack size 0 bytes, startup_stm32f10x_hd.o(.text))
<BR>[Address Reference Count : 1]<UL><LI> startup_stm32f10x_hd.o(RESET)
</UL>
<P><STRONG><a name="[2d]"></a>TIM1_TRG_COM_IRQHandler</STRONG> (Thumb, 0 bytes, Stack size 0 bytes, startup_stm32f10x_hd.o(.text))
<BR>[Address Reference Count : 1]<UL><LI> startup_stm32f10x_hd.o(RESET)
</UL>
<P><STRONG><a name="[2c]"></a>TIM1_UP_IRQHandler</STRONG> (Thumb, 0 bytes, Stack size 0 bytes, startup_stm32f10x_hd.o(.text))
<BR>[Address Reference Count : 1]<UL><LI> startup_stm32f10x_hd.o(RESET)
</UL>
<P><STRONG><a name="[2f]"></a>TIM2_IRQHandler</STRONG> (Thumb, 0 bytes, Stack size 0 bytes, startup_stm32f10x_hd.o(.text))
<BR>[Address Reference Count : 1]<UL><LI> startup_stm32f10x_hd.o(RESET)
</UL>
<P><STRONG><a name="[30]"></a>TIM3_IRQHandler</STRONG> (Thumb, 0 bytes, Stack size 0 bytes, startup_stm32f10x_hd.o(.text))
<BR>[Address Reference Count : 1]<UL><LI> startup_stm32f10x_hd.o(RESET)
</UL>
<P><STRONG><a name="[31]"></a>TIM4_IRQHandler</STRONG> (Thumb, 0 bytes, Stack size 0 bytes, startup_stm32f10x_hd.o(.text))
<BR>[Address Reference Count : 1]<UL><LI> startup_stm32f10x_hd.o(RESET)
</UL>
<P><STRONG><a name="[45]"></a>TIM5_IRQHandler</STRONG> (Thumb, 0 bytes, Stack size 0 bytes, startup_stm32f10x_hd.o(.text))
<BR>[Address Reference Count : 1]<UL><LI> startup_stm32f10x_hd.o(RESET)
</UL>
<P><STRONG><a name="[49]"></a>TIM6_IRQHandler</STRONG> (Thumb, 0 bytes, Stack size 0 bytes, startup_stm32f10x_hd.o(.text))
<BR>[Address Reference Count : 1]<UL><LI> startup_stm32f10x_hd.o(RESET)
</UL>
<P><STRONG><a name="[4a]"></a>TIM7_IRQHandler</STRONG> (Thumb, 0 bytes, Stack size 0 bytes, startup_stm32f10x_hd.o(.text))
<BR>[Address Reference Count : 1]<UL><LI> startup_stm32f10x_hd.o(RESET)
</UL>
<P><STRONG><a name="[3e]"></a>TIM8_BRK_IRQHandler</STRONG> (Thumb, 0 bytes, Stack size 0 bytes, startup_stm32f10x_hd.o(.text))
<BR>[Address Reference Count : 1]<UL><LI> startup_stm32f10x_hd.o(RESET)
</UL>
<P><STRONG><a name="[41]"></a>TIM8_CC_IRQHandler</STRONG> (Thumb, 0 bytes, Stack size 0 bytes, startup_stm32f10x_hd.o(.text))
<BR>[Address Reference Count : 1]<UL><LI> startup_stm32f10x_hd.o(RESET)
</UL>
<P><STRONG><a name="[40]"></a>TIM8_TRG_COM_IRQHandler</STRONG> (Thumb, 0 bytes, Stack size 0 bytes, startup_stm32f10x_hd.o(.text))
<BR>[Address Reference Count : 1]<UL><LI> startup_stm32f10x_hd.o(RESET)
</UL>
<P><STRONG><a name="[3f]"></a>TIM8_UP_IRQHandler</STRONG> (Thumb, 0 bytes, Stack size 0 bytes, startup_stm32f10x_hd.o(.text))
<BR>[Address Reference Count : 1]<UL><LI> startup_stm32f10x_hd.o(RESET)
</UL>
<P><STRONG><a name="[47]"></a>UART4_IRQHandler</STRONG> (Thumb, 0 bytes, Stack size 0 bytes, startup_stm32f10x_hd.o(.text))
<BR>[Address Reference Count : 1]<UL><LI> startup_stm32f10x_hd.o(RESET)
</UL>
<P><STRONG><a name="[48]"></a>UART5_IRQHandler</STRONG> (Thumb, 0 bytes, Stack size 0 bytes, startup_stm32f10x_hd.o(.text))
<BR>[Address Reference Count : 1]<UL><LI> startup_stm32f10x_hd.o(RESET)
</UL>
<P><STRONG><a name="[38]"></a>USART1_IRQHandler</STRONG> (Thumb, 0 bytes, Stack size 0 bytes, startup_stm32f10x_hd.o(.text))
<BR>[Address Reference Count : 1]<UL><LI> startup_stm32f10x_hd.o(RESET)
</UL>
<P><STRONG><a name="[3d]"></a>USBWakeUp_IRQHandler</STRONG> (Thumb, 0 bytes, Stack size 0 bytes, startup_stm32f10x_hd.o(.text))
<BR>[Address Reference Count : 1]<UL><LI> startup_stm32f10x_hd.o(RESET)
</UL>
<P><STRONG><a name="[26]"></a>USB_HP_CAN1_TX_IRQHandler</STRONG> (Thumb, 0 bytes, Stack size 0 bytes, startup_stm32f10x_hd.o(.text))
<BR>[Address Reference Count : 1]<UL><LI> startup_stm32f10x_hd.o(RESET)
</UL>
<P><STRONG><a name="[27]"></a>USB_LP_CAN1_RX0_IRQHandler</STRONG> (Thumb, 0 bytes, Stack size 0 bytes, startup_stm32f10x_hd.o(.text))
<BR>[Address Reference Count : 1]<UL><LI> startup_stm32f10x_hd.o(RESET)
</UL>
<P><STRONG><a name="[13]"></a>WWDG_IRQHandler</STRONG> (Thumb, 0 bytes, Stack size 0 bytes, startup_stm32f10x_hd.o(.text))
<BR>[Address Reference Count : 1]<UL><LI> startup_stm32f10x_hd.o(RESET)
</UL>
<P><STRONG><a name="[5d]"></a>mktime</STRONG> (Thumb, 150 bytes, Stack size 16 bytes, mktime.o(.text))
<BR><BR>[Stack]<UL><LI>Max Depth = 24<LI>Call Chain = mktime &rArr; _localtime
</UL>
<BR>[Calls]<UL><LI><a href="#[5e]">&gt;&gt;</a>&nbsp;&nbsp;&nbsp;_localtime
</UL>
<BR>[Called By]<UL><LI><a href="#[d2]">&gt;&gt;</a>&nbsp;&nbsp;&nbsp;MyRTX_SetTime
</UL>

<P><STRONG><a name="[13f]"></a>__aeabi_memcpy</STRONG> (Thumb, 36 bytes, Stack size 0 bytes, memcpya.o(.text), UNUSED)

<P><STRONG><a name="[d5]"></a>__aeabi_memcpy4</STRONG> (Thumb, 0 bytes, Stack size 0 bytes, memcpya.o(.text))
<BR><BR>[Called By]<UL><LI><a href="#[b3]">&gt;&gt;</a>&nbsp;&nbsp;&nbsp;MyRTC_ReadTime
</UL>

<P><STRONG><a name="[140]"></a>__aeabi_memcpy8</STRONG> (Thumb, 0 bytes, Stack size 0 bytes, memcpya.o(.text), UNUSED)

<P><STRONG><a name="[60]"></a>__aeabi_memset</STRONG> (Thumb, 14 bytes, Stack size 0 bytes, memseta.o(.text))
<BR><BR>[Called By]<UL><LI><a href="#[61]">&gt;&gt;</a>&nbsp;&nbsp;&nbsp;_memset$wrapper
<LI><a href="#[5f]">&gt;&gt;</a>&nbsp;&nbsp;&nbsp;__aeabi_memclr
</UL>

<P><STRONG><a name="[141]"></a>__aeabi_memset4</STRONG> (Thumb, 0 bytes, Stack size 0 bytes, memseta.o(.text), UNUSED)

<P><STRONG><a name="[142]"></a>__aeabi_memset8</STRONG> (Thumb, 0 bytes, Stack size 0 bytes, memseta.o(.text), UNUSED)

<P><STRONG><a name="[5f]"></a>__aeabi_memclr</STRONG> (Thumb, 4 bytes, Stack size 0 bytes, memseta.o(.text))
<BR><BR>[Calls]<UL><LI><a href="#[60]">&gt;&gt;</a>&nbsp;&nbsp;&nbsp;__aeabi_memset
</UL>
<BR>[Called By]<UL><LI><a href="#[a5]">&gt;&gt;</a>&nbsp;&nbsp;&nbsp;USART3_RxPacket_Clear
<LI><a href="#[fd]">&gt;&gt;</a>&nbsp;&nbsp;&nbsp;Serial_RxPacket_Clear
</UL>

<P><STRONG><a name="[143]"></a>__aeabi_memclr4</STRONG> (Thumb, 0 bytes, Stack size 0 bytes, memseta.o(.text), UNUSED)

<P><STRONG><a name="[144]"></a>__aeabi_memclr8</STRONG> (Thumb, 0 bytes, Stack size 0 bytes, memseta.o(.text), UNUSED)

<P><STRONG><a name="[61]"></a>_memset$wrapper</STRONG> (Thumb, 18 bytes, Stack size 8 bytes, memseta.o(.text), UNUSED)
<BR><BR>[Calls]<UL><LI><a href="#[60]">&gt;&gt;</a>&nbsp;&nbsp;&nbsp;__aeabi_memset
</UL>

<P><STRONG><a name="[a7]"></a>strstr</STRONG> (Thumb, 36 bytes, Stack size 12 bytes, strstr.o(.text))
<BR><BR>[Stack]<UL><LI>Max Depth = 12<LI>Call Chain = strstr
</UL>
<BR>[Called By]<UL><LI><a href="#[97]">&gt;&gt;</a>&nbsp;&nbsp;&nbsp;SendCmd
<LI><a href="#[58]">&gt;&gt;</a>&nbsp;&nbsp;&nbsp;task3
<LI><a href="#[a4]">&gt;&gt;</a>&nbsp;&nbsp;&nbsp;JudgeStr
</UL>

<P><STRONG><a name="[109]"></a>strlen</STRONG> (Thumb, 14 bytes, Stack size 0 bytes, strlen.o(.text))
<BR><BR>[Called By]<UL><LI><a href="#[7d]">&gt;&gt;</a>&nbsp;&nbsp;&nbsp;ShowErrMessage
<LI><a href="#[58]">&gt;&gt;</a>&nbsp;&nbsp;&nbsp;task3
</UL>

<P><STRONG><a name="[e1]"></a>strcmp</STRONG> (Thumb, 28 bytes, Stack size 8 bytes, strcmp.o(.text))
<BR><BR>[Stack]<UL><LI>Max Depth = 8<LI>Call Chain = strcmp
</UL>
<BR>[Called By]<UL><LI><a href="#[b1]">&gt;&gt;</a>&nbsp;&nbsp;&nbsp;OLED_ShowString
<LI><a href="#[e0]">&gt;&gt;</a>&nbsp;&nbsp;&nbsp;OLED_MyShowChinese
</UL>

<P><STRONG><a name="[62]"></a>__aeabi_fadd</STRONG> (Thumb, 164 bytes, Stack size 16 bytes, fadd.o(.text))
<BR><BR>[Stack]<UL><LI>Max Depth = 20<LI>Call Chain = __aeabi_fadd &rArr; _float_epilogue
</UL>
<BR>[Calls]<UL><LI><a href="#[64]">&gt;&gt;</a>&nbsp;&nbsp;&nbsp;_float_round
<LI><a href="#[63]">&gt;&gt;</a>&nbsp;&nbsp;&nbsp;_float_epilogue
</UL>
<BR>[Called By]<UL><LI><a href="#[b9]">&gt;&gt;</a>&nbsp;&nbsp;&nbsp;Servo_SetAngle
<LI><a href="#[65]">&gt;&gt;</a>&nbsp;&nbsp;&nbsp;__aeabi_fsub
<LI><a href="#[66]">&gt;&gt;</a>&nbsp;&nbsp;&nbsp;__aeabi_frsub
<LI><a href="#[bf]">&gt;&gt;</a>&nbsp;&nbsp;&nbsp;Menu_ShowCursor
<LI><a href="#[ab]">&gt;&gt;</a>&nbsp;&nbsp;&nbsp;Menu_CurveMigration
</UL>

<P><STRONG><a name="[65]"></a>__aeabi_fsub</STRONG> (Thumb, 6 bytes, Stack size 0 bytes, fadd.o(.text))
<BR><BR>[Stack]<UL><LI>Max Depth = 20<LI>Call Chain = __aeabi_fsub &rArr; __aeabi_fadd &rArr; _float_epilogue
</UL>
<BR>[Calls]<UL><LI><a href="#[62]">&gt;&gt;</a>&nbsp;&nbsp;&nbsp;__aeabi_fadd
</UL>
<BR>[Called By]<UL><LI><a href="#[bf]">&gt;&gt;</a>&nbsp;&nbsp;&nbsp;Menu_ShowCursor
<LI><a href="#[ab]">&gt;&gt;</a>&nbsp;&nbsp;&nbsp;Menu_CurveMigration
</UL>

<P><STRONG><a name="[66]"></a>__aeabi_frsub</STRONG> (Thumb, 6 bytes, Stack size 0 bytes, fadd.o(.text))
<BR><BR>[Stack]<UL><LI>Max Depth = 20<LI>Call Chain = __aeabi_frsub &rArr; __aeabi_fadd &rArr; _float_epilogue
</UL>
<BR>[Calls]<UL><LI><a href="#[62]">&gt;&gt;</a>&nbsp;&nbsp;&nbsp;__aeabi_fadd
</UL>
<BR>[Called By]<UL><LI><a href="#[ab]">&gt;&gt;</a>&nbsp;&nbsp;&nbsp;Menu_CurveMigration
</UL>

<P><STRONG><a name="[ad]"></a>__aeabi_fmul</STRONG> (Thumb, 100 bytes, Stack size 8 bytes, fmul.o(.text))
<BR><BR>[Stack]<UL><LI>Max Depth = 8<LI>Call Chain = __aeabi_fmul
</UL>
<BR>[Called By]<UL><LI><a href="#[b9]">&gt;&gt;</a>&nbsp;&nbsp;&nbsp;Servo_SetAngle
<LI><a href="#[ab]">&gt;&gt;</a>&nbsp;&nbsp;&nbsp;Menu_CurveMigration
</UL>

<P><STRONG><a name="[67]"></a>__aeabi_fdiv</STRONG> (Thumb, 124 bytes, Stack size 8 bytes, fdiv.o(.text))
<BR><BR>[Stack]<UL><LI>Max Depth = 8<LI>Call Chain = __aeabi_fdiv
</UL>
<BR>[Calls]<UL><LI><a href="#[64]">&gt;&gt;</a>&nbsp;&nbsp;&nbsp;_float_round
</UL>
<BR>[Called By]<UL><LI><a href="#[b9]">&gt;&gt;</a>&nbsp;&nbsp;&nbsp;Servo_SetAngle
<LI><a href="#[bf]">&gt;&gt;</a>&nbsp;&nbsp;&nbsp;Menu_ShowCursor
<LI><a href="#[b0]">&gt;&gt;</a>&nbsp;&nbsp;&nbsp;Menu_RunMenu
</UL>

<P><STRONG><a name="[68]"></a>__aeabi_dadd</STRONG> (Thumb, 322 bytes, Stack size 48 bytes, dadd.o(.text), UNUSED)
<BR><BR>[Calls]<UL><LI><a href="#[6a]">&gt;&gt;</a>&nbsp;&nbsp;&nbsp;__aeabi_lasr
<LI><a href="#[69]">&gt;&gt;</a>&nbsp;&nbsp;&nbsp;__aeabi_llsl
<LI><a href="#[6c]">&gt;&gt;</a>&nbsp;&nbsp;&nbsp;_double_round
<LI><a href="#[6b]">&gt;&gt;</a>&nbsp;&nbsp;&nbsp;_double_epilogue
</UL>
<BR>[Called By]<UL><LI><a href="#[6d]">&gt;&gt;</a>&nbsp;&nbsp;&nbsp;__aeabi_dsub
<LI><a href="#[6e]">&gt;&gt;</a>&nbsp;&nbsp;&nbsp;__aeabi_drsub
<LI><a href="#[113]">&gt;&gt;</a>&nbsp;&nbsp;&nbsp;_fp_digits
</UL>

<P><STRONG><a name="[6d]"></a>__aeabi_dsub</STRONG> (Thumb, 6 bytes, Stack size 0 bytes, dadd.o(.text), UNUSED)
<BR><BR>[Calls]<UL><LI><a href="#[68]">&gt;&gt;</a>&nbsp;&nbsp;&nbsp;__aeabi_dadd
</UL>

<P><STRONG><a name="[6e]"></a>__aeabi_drsub</STRONG> (Thumb, 6 bytes, Stack size 0 bytes, dadd.o(.text), UNUSED)
<BR><BR>[Calls]<UL><LI><a href="#[68]">&gt;&gt;</a>&nbsp;&nbsp;&nbsp;__aeabi_dadd
</UL>

<P><STRONG><a name="[6f]"></a>__aeabi_dmul</STRONG> (Thumb, 228 bytes, Stack size 48 bytes, dmul.o(.text), UNUSED)
<BR><BR>[Calls]<UL><LI><a href="#[6b]">&gt;&gt;</a>&nbsp;&nbsp;&nbsp;_double_epilogue
</UL>
<BR>[Called By]<UL><LI><a href="#[113]">&gt;&gt;</a>&nbsp;&nbsp;&nbsp;_fp_digits
</UL>

<P><STRONG><a name="[70]"></a>__aeabi_ddiv</STRONG> (Thumb, 222 bytes, Stack size 32 bytes, ddiv.o(.text), UNUSED)
<BR><BR>[Calls]<UL><LI><a href="#[6c]">&gt;&gt;</a>&nbsp;&nbsp;&nbsp;_double_round
</UL>
<BR>[Called By]<UL><LI><a href="#[113]">&gt;&gt;</a>&nbsp;&nbsp;&nbsp;_fp_digits
</UL>

<P><STRONG><a name="[71]"></a>__aeabi_i2f</STRONG> (Thumb, 18 bytes, Stack size 0 bytes, fflti.o(.text))
<BR><BR>[Stack]<UL><LI>Max Depth = 4<LI>Call Chain = __aeabi_i2f &rArr; _float_epilogue
</UL>
<BR>[Calls]<UL><LI><a href="#[63]">&gt;&gt;</a>&nbsp;&nbsp;&nbsp;_float_epilogue
</UL>
<BR>[Called By]<UL><LI><a href="#[b0]">&gt;&gt;</a>&nbsp;&nbsp;&nbsp;Menu_RunMenu
</UL>

<P><STRONG><a name="[bd]"></a>__aeabi_f2iz</STRONG> (Thumb, 50 bytes, Stack size 0 bytes, ffixi.o(.text))
<BR><BR>[Called By]<UL><LI><a href="#[bf]">&gt;&gt;</a>&nbsp;&nbsp;&nbsp;Menu_ShowCursor
<LI><a href="#[b0]">&gt;&gt;</a>&nbsp;&nbsp;&nbsp;Menu_RunMenu
</UL>

<P><STRONG><a name="[c0]"></a>__aeabi_f2uiz</STRONG> (Thumb, 40 bytes, Stack size 0 bytes, ffixui.o(.text))
<BR><BR>[Called By]<UL><LI><a href="#[b9]">&gt;&gt;</a>&nbsp;&nbsp;&nbsp;Servo_SetAngle
<LI><a href="#[bf]">&gt;&gt;</a>&nbsp;&nbsp;&nbsp;Menu_ShowCursor
</UL>

<P><STRONG><a name="[be]"></a>__aeabi_f2d</STRONG> (Thumb, 38 bytes, Stack size 0 bytes, f2d.o(.text))
<BR><BR>[Called By]<UL><LI><a href="#[b0]">&gt;&gt;</a>&nbsp;&nbsp;&nbsp;Menu_RunMenu
</UL>

<P><STRONG><a name="[114]"></a>__aeabi_cdrcmple</STRONG> (Thumb, 48 bytes, Stack size 0 bytes, cdrcmple.o(.text), UNUSED)
<BR><BR>[Called By]<UL><LI><a href="#[113]">&gt;&gt;</a>&nbsp;&nbsp;&nbsp;_fp_digits
</UL>

<P><STRONG><a name="[131]"></a>__aeabi_cfcmpeq</STRONG> (Thumb, 0 bytes, Stack size 0 bytes, cfcmple.o(.text))
<BR><BR>[Called By]<UL><LI><a href="#[57]">&gt;&gt;</a>&nbsp;&nbsp;&nbsp;task2
</UL>

<P><STRONG><a name="[ae]"></a>__aeabi_cfcmple</STRONG> (Thumb, 20 bytes, Stack size 0 bytes, cfcmple.o(.text))
<BR><BR>[Called By]<UL><LI><a href="#[ab]">&gt;&gt;</a>&nbsp;&nbsp;&nbsp;Menu_CurveMigration
</UL>

<P><STRONG><a name="[ac]"></a>__aeabi_cfrcmple</STRONG> (Thumb, 20 bytes, Stack size 0 bytes, cfrcmple.o(.text))
<BR><BR>[Called By]<UL><LI><a href="#[ab]">&gt;&gt;</a>&nbsp;&nbsp;&nbsp;Menu_CurveMigration
</UL>

<P><STRONG><a name="[145]"></a>__aeabi_uidiv</STRONG> (Thumb, 0 bytes, Stack size 12 bytes, uidiv.o(.text), UNUSED)

<P><STRONG><a name="[117]"></a>__aeabi_uidivmod</STRONG> (Thumb, 44 bytes, Stack size 12 bytes, uidiv.o(.text), UNUSED)
<BR><BR>[Called By]<UL><LI><a href="#[111]">&gt;&gt;</a>&nbsp;&nbsp;&nbsp;_printf_core
</UL>

<P><STRONG><a name="[72]"></a>__aeabi_uldivmod</STRONG> (Thumb, 98 bytes, Stack size 40 bytes, uldiv.o(.text), UNUSED)
<BR><BR>[Calls]<UL><LI><a href="#[73]">&gt;&gt;</a>&nbsp;&nbsp;&nbsp;__aeabi_llsr
<LI><a href="#[69]">&gt;&gt;</a>&nbsp;&nbsp;&nbsp;__aeabi_llsl
</UL>
<BR>[Called By]<UL><LI><a href="#[111]">&gt;&gt;</a>&nbsp;&nbsp;&nbsp;_printf_core
<LI><a href="#[113]">&gt;&gt;</a>&nbsp;&nbsp;&nbsp;_fp_digits
</UL>

<P><STRONG><a name="[69]"></a>__aeabi_llsl</STRONG> (Thumb, 30 bytes, Stack size 0 bytes, llshl.o(.text), UNUSED)
<BR><BR>[Called By]<UL><LI><a href="#[68]">&gt;&gt;</a>&nbsp;&nbsp;&nbsp;__aeabi_dadd
<LI><a href="#[72]">&gt;&gt;</a>&nbsp;&nbsp;&nbsp;__aeabi_uldivmod
<LI><a href="#[6b]">&gt;&gt;</a>&nbsp;&nbsp;&nbsp;_double_epilogue
<LI><a href="#[75]">&gt;&gt;</a>&nbsp;&nbsp;&nbsp;__aeabi_d2ulz
</UL>

<P><STRONG><a name="[146]"></a>_ll_shift_l</STRONG> (Thumb, 0 bytes, Stack size 0 bytes, llshl.o(.text), UNUSED)

<P><STRONG><a name="[73]"></a>__aeabi_llsr</STRONG> (Thumb, 32 bytes, Stack size 0 bytes, llushr.o(.text), UNUSED)
<BR><BR>[Called By]<UL><LI><a href="#[72]">&gt;&gt;</a>&nbsp;&nbsp;&nbsp;__aeabi_uldivmod
<LI><a href="#[6b]">&gt;&gt;</a>&nbsp;&nbsp;&nbsp;_double_epilogue
<LI><a href="#[75]">&gt;&gt;</a>&nbsp;&nbsp;&nbsp;__aeabi_d2ulz
</UL>

<P><STRONG><a name="[147]"></a>_ll_ushift_r</STRONG> (Thumb, 0 bytes, Stack size 0 bytes, llushr.o(.text), UNUSED)

<P><STRONG><a name="[6a]"></a>__aeabi_lasr</STRONG> (Thumb, 36 bytes, Stack size 0 bytes, llsshr.o(.text), UNUSED)
<BR><BR>[Called By]<UL><LI><a href="#[68]">&gt;&gt;</a>&nbsp;&nbsp;&nbsp;__aeabi_dadd
</UL>

<P><STRONG><a name="[148]"></a>_ll_sshift_r</STRONG> (Thumb, 0 bytes, Stack size 0 bytes, llsshr.o(.text), UNUSED)

<P><STRONG><a name="[74]"></a>localtime</STRONG> (Thumb, 6 bytes, Stack size 0 bytes, localtime_w.o(.text))
<BR><BR>[Stack]<UL><LI>Max Depth = 8<LI>Call Chain = localtime &rArr; _localtime
</UL>
<BR>[Calls]<UL><LI><a href="#[5e]">&gt;&gt;</a>&nbsp;&nbsp;&nbsp;_localtime
</UL>
<BR>[Called By]<UL><LI><a href="#[b3]">&gt;&gt;</a>&nbsp;&nbsp;&nbsp;MyRTC_ReadTime
</UL>

<P><STRONG><a name="[5e]"></a>_localtime</STRONG> (Thumb, 134 bytes, Stack size 8 bytes, localtime_i.o(.text))
<BR><BR>[Stack]<UL><LI>Max Depth = 8<LI>Call Chain = _localtime
</UL>
<BR>[Called By]<UL><LI><a href="#[5d]">&gt;&gt;</a>&nbsp;&nbsp;&nbsp;mktime
<LI><a href="#[74]">&gt;&gt;</a>&nbsp;&nbsp;&nbsp;localtime
</UL>

<P><STRONG><a name="[149]"></a>__I$use$fp</STRONG> (Thumb, 0 bytes, Stack size 0 bytes, iusefp.o(.text), UNUSED)

<P><STRONG><a name="[64]"></a>_float_round</STRONG> (Thumb, 18 bytes, Stack size 0 bytes, fepilogue.o(.text))
<BR><BR>[Called By]<UL><LI><a href="#[67]">&gt;&gt;</a>&nbsp;&nbsp;&nbsp;__aeabi_fdiv
<LI><a href="#[62]">&gt;&gt;</a>&nbsp;&nbsp;&nbsp;__aeabi_fadd
</UL>

<P><STRONG><a name="[63]"></a>_float_epilogue</STRONG> (Thumb, 92 bytes, Stack size 4 bytes, fepilogue.o(.text))
<BR><BR>[Stack]<UL><LI>Max Depth = 4<LI>Call Chain = _float_epilogue
</UL>
<BR>[Called By]<UL><LI><a href="#[71]">&gt;&gt;</a>&nbsp;&nbsp;&nbsp;__aeabi_i2f
<LI><a href="#[62]">&gt;&gt;</a>&nbsp;&nbsp;&nbsp;__aeabi_fadd
</UL>

<P><STRONG><a name="[6c]"></a>_double_round</STRONG> (Thumb, 30 bytes, Stack size 8 bytes, depilogue.o(.text), UNUSED)
<BR><BR>[Called By]<UL><LI><a href="#[70]">&gt;&gt;</a>&nbsp;&nbsp;&nbsp;__aeabi_ddiv
<LI><a href="#[68]">&gt;&gt;</a>&nbsp;&nbsp;&nbsp;__aeabi_dadd
<LI><a href="#[6b]">&gt;&gt;</a>&nbsp;&nbsp;&nbsp;_double_epilogue
</UL>

<P><STRONG><a name="[6b]"></a>_double_epilogue</STRONG> (Thumb, 156 bytes, Stack size 32 bytes, depilogue.o(.text), UNUSED)
<BR><BR>[Calls]<UL><LI><a href="#[73]">&gt;&gt;</a>&nbsp;&nbsp;&nbsp;__aeabi_llsr
<LI><a href="#[69]">&gt;&gt;</a>&nbsp;&nbsp;&nbsp;__aeabi_llsl
<LI><a href="#[6c]">&gt;&gt;</a>&nbsp;&nbsp;&nbsp;_double_round
</UL>
<BR>[Called By]<UL><LI><a href="#[6f]">&gt;&gt;</a>&nbsp;&nbsp;&nbsp;__aeabi_dmul
<LI><a href="#[68]">&gt;&gt;</a>&nbsp;&nbsp;&nbsp;__aeabi_dadd
</UL>

<P><STRONG><a name="[75]"></a>__aeabi_d2ulz</STRONG> (Thumb, 48 bytes, Stack size 0 bytes, dfixul.o(.text), UNUSED)
<BR><BR>[Calls]<UL><LI><a href="#[73]">&gt;&gt;</a>&nbsp;&nbsp;&nbsp;__aeabi_llsr
<LI><a href="#[69]">&gt;&gt;</a>&nbsp;&nbsp;&nbsp;__aeabi_llsl
</UL>
<BR>[Called By]<UL><LI><a href="#[113]">&gt;&gt;</a>&nbsp;&nbsp;&nbsp;_fp_digits
</UL>

<P><STRONG><a name="[5b]"></a>__scatterload</STRONG> (Thumb, 28 bytes, Stack size 0 bytes, init.o(.text))
<BR><BR>[Calls]<UL><LI><a href="#[76]">&gt;&gt;</a>&nbsp;&nbsp;&nbsp;__main_after_scatterload
</UL>
<BR>[Called By]<UL><LI><a href="#[5a]">&gt;&gt;</a>&nbsp;&nbsp;&nbsp;_main_scatterload
</UL>

<P><STRONG><a name="[14a]"></a>__scatterload_rt2</STRONG> (Thumb, 0 bytes, Stack size 0 bytes, init.o(.text), UNUSED)

<P><STRONG><a name="[14b]"></a>__decompress</STRONG> (Thumb, 0 bytes, Stack size unknown bytes, __dczerorl2.o(.text), UNUSED)

<P><STRONG><a name="[14c]"></a>__decompress1</STRONG> (Thumb, 86 bytes, Stack size unknown bytes, __dczerorl2.o(.text), UNUSED)

<P><STRONG><a name="[5]"></a>Add_FR</STRONG> (Thumb, 878 bytes, Stack size 48 bytes, menu_data.o(i.Add_FR))
<BR><BR>[Stack]<UL><LI>Max Depth = 304<LI>Call Chain = Add_FR &rArr; ShowErrMessage &rArr; Menu_PrintfOptionStr &rArr; OLED_ShowStringArea &rArr; OLED_MyShowChinese &rArr; OLED_ShowImage &rArr; OLED_ClearArea
</UL>
<BR>[Calls]<UL><LI><a href="#[81]">&gt;&gt;</a>&nbsp;&nbsp;&nbsp;Beep_ON
<LI><a href="#[83]">&gt;&gt;</a>&nbsp;&nbsp;&nbsp;Beep_OFF
<LI><a href="#[7f]">&gt;&gt;</a>&nbsp;&nbsp;&nbsp;KeyNum_Get
<LI><a href="#[79]">&gt;&gt;</a>&nbsp;&nbsp;&nbsp;OLED_Update
<LI><a href="#[77]">&gt;&gt;</a>&nbsp;&nbsp;&nbsp;OLED_Clear
<LI><a href="#[7a]">&gt;&gt;</a>&nbsp;&nbsp;&nbsp;TIM4_Delayms
<LI><a href="#[7d]">&gt;&gt;</a>&nbsp;&nbsp;&nbsp;ShowErrMessage
<LI><a href="#[86]">&gt;&gt;</a>&nbsp;&nbsp;&nbsp;GET_NUM
<LI><a href="#[78]">&gt;&gt;</a>&nbsp;&nbsp;&nbsp;Menu_PrintfOptionStr
<LI><a href="#[7c]">&gt;&gt;</a>&nbsp;&nbsp;&nbsp;PS_ValidTempleteNum
<LI><a href="#[87]">&gt;&gt;</a>&nbsp;&nbsp;&nbsp;PS_StoreChar
<LI><a href="#[85]">&gt;&gt;</a>&nbsp;&nbsp;&nbsp;PS_RegModel
<LI><a href="#[7e]">&gt;&gt;</a>&nbsp;&nbsp;&nbsp;PS_ReadSysPara
<LI><a href="#[84]">&gt;&gt;</a>&nbsp;&nbsp;&nbsp;PS_Match
<LI><a href="#[7b]">&gt;&gt;</a>&nbsp;&nbsp;&nbsp;PS_HandShake
<LI><a href="#[80]">&gt;&gt;</a>&nbsp;&nbsp;&nbsp;PS_GetImage
<LI><a href="#[82]">&gt;&gt;</a>&nbsp;&nbsp;&nbsp;PS_GenChar
</UL>
<BR>[Address Reference Count : 1]<UL><LI> menu_data.o(.data)
</UL>
<P><STRONG><a name="[ca]"></a>BKP_ReadBackupRegister</STRONG> (Thumb, 24 bytes, Stack size 8 bytes, stm32f10x_bkp.o(i.BKP_ReadBackupRegister))
<BR><BR>[Stack]<UL><LI>Max Depth = 8<LI>Call Chain = BKP_ReadBackupRegister
</UL>
<BR>[Called By]<UL><LI><a href="#[c7]">&gt;&gt;</a>&nbsp;&nbsp;&nbsp;MyRTC_Init
</UL>

<P><STRONG><a name="[d3]"></a>BKP_WriteBackupRegister</STRONG> (Thumb, 22 bytes, Stack size 8 bytes, stm32f10x_bkp.o(i.BKP_WriteBackupRegister))
<BR><BR>[Stack]<UL><LI>Max Depth = 8<LI>Call Chain = BKP_WriteBackupRegister
</UL>
<BR>[Called By]<UL><LI><a href="#[c7]">&gt;&gt;</a>&nbsp;&nbsp;&nbsp;MyRTC_Init
</UL>

<P><STRONG><a name="[88]"></a>BODY_HW_GetData</STRONG> (Thumb, 12 bytes, Stack size 8 bytes, infrared.o(i.BODY_HW_GetData))
<BR><BR>[Stack]<UL><LI>Max Depth = 8<LI>Call Chain = BODY_HW_GetData
</UL>
<BR>[Calls]<UL><LI><a href="#[89]">&gt;&gt;</a>&nbsp;&nbsp;&nbsp;GPIO_ReadInputDataBit
</UL>
<BR>[Called By]<UL><LI><a href="#[93]">&gt;&gt;</a>&nbsp;&nbsp;&nbsp;DetectData
</UL>

<P><STRONG><a name="[8a]"></a>BODY_HW_Init</STRONG> (Thumb, 38 bytes, Stack size 8 bytes, infrared.o(i.BODY_HW_Init))
<BR><BR>[Stack]<UL><LI>Max Depth = 32<LI>Call Chain = BODY_HW_Init &rArr; GPIO_Init
</UL>
<BR>[Calls]<UL><LI><a href="#[8c]">&gt;&gt;</a>&nbsp;&nbsp;&nbsp;GPIO_Init
<LI><a href="#[8b]">&gt;&gt;</a>&nbsp;&nbsp;&nbsp;RCC_APB2PeriphClockCmd
</UL>
<BR>[Called By]<UL><LI><a href="#[4f]">&gt;&gt;</a>&nbsp;&nbsp;&nbsp;main
</UL>

<P><STRONG><a name="[8d]"></a>Beep_Init</STRONG> (Thumb, 48 bytes, Stack size 8 bytes, beep.o(i.Beep_Init))
<BR><BR>[Stack]<UL><LI>Max Depth = 32<LI>Call Chain = Beep_Init &rArr; GPIO_Init
</UL>
<BR>[Calls]<UL><LI><a href="#[8e]">&gt;&gt;</a>&nbsp;&nbsp;&nbsp;GPIO_SetBits
<LI><a href="#[8c]">&gt;&gt;</a>&nbsp;&nbsp;&nbsp;GPIO_Init
<LI><a href="#[8b]">&gt;&gt;</a>&nbsp;&nbsp;&nbsp;RCC_APB2PeriphClockCmd
</UL>
<BR>[Called By]<UL><LI><a href="#[4f]">&gt;&gt;</a>&nbsp;&nbsp;&nbsp;main
</UL>

<P><STRONG><a name="[83]"></a>Beep_OFF</STRONG> (Thumb, 14 bytes, Stack size 8 bytes, beep.o(i.Beep_OFF))
<BR><BR>[Stack]<UL><LI>Max Depth = 8<LI>Call Chain = Beep_OFF
</UL>
<BR>[Calls]<UL><LI><a href="#[8e]">&gt;&gt;</a>&nbsp;&nbsp;&nbsp;GPIO_SetBits
</UL>
<BR>[Called By]<UL><LI><a href="#[6]">&gt;&gt;</a>&nbsp;&nbsp;&nbsp;press_FR
<LI><a href="#[5]">&gt;&gt;</a>&nbsp;&nbsp;&nbsp;Add_FR
<LI><a href="#[57]">&gt;&gt;</a>&nbsp;&nbsp;&nbsp;task2
</UL>

<P><STRONG><a name="[81]"></a>Beep_ON</STRONG> (Thumb, 14 bytes, Stack size 8 bytes, beep.o(i.Beep_ON))
<BR><BR>[Stack]<UL><LI>Max Depth = 8<LI>Call Chain = Beep_ON
</UL>
<BR>[Calls]<UL><LI><a href="#[8f]">&gt;&gt;</a>&nbsp;&nbsp;&nbsp;GPIO_ResetBits
</UL>
<BR>[Called By]<UL><LI><a href="#[6]">&gt;&gt;</a>&nbsp;&nbsp;&nbsp;press_FR
<LI><a href="#[3]">&gt;&gt;</a>&nbsp;&nbsp;&nbsp;Menu_PassCode
<LI><a href="#[5]">&gt;&gt;</a>&nbsp;&nbsp;&nbsp;Add_FR
<LI><a href="#[58]">&gt;&gt;</a>&nbsp;&nbsp;&nbsp;task3
<LI><a href="#[57]">&gt;&gt;</a>&nbsp;&nbsp;&nbsp;task2
</UL>

<P><STRONG><a name="[d]"></a>BusFault_Handler</STRONG> (Thumb, 4 bytes, Stack size 0 bytes, stm32f10x_it.o(i.BusFault_Handler))
<BR>[Address Reference Count : 1]<UL><LI> startup_stm32f10x_hd.o(RESET)
</UL>
<P><STRONG><a name="[10]"></a>DebugMon_Handler</STRONG> (Thumb, 2 bytes, Stack size 0 bytes, stm32f10x_it.o(i.DebugMon_Handler))
<BR>[Address Reference Count : 1]<UL><LI> startup_stm32f10x_hd.o(RESET)
</UL>
<P><STRONG><a name="[7]"></a>Del_FR</STRONG> (Thumb, 246 bytes, Stack size 32 bytes, menu_data.o(i.Del_FR))
<BR><BR>[Stack]<UL><LI>Max Depth = 288<LI>Call Chain = Del_FR &rArr; ShowErrMessage &rArr; Menu_PrintfOptionStr &rArr; OLED_ShowStringArea &rArr; OLED_MyShowChinese &rArr; OLED_ShowImage &rArr; OLED_ClearArea
</UL>
<BR>[Calls]<UL><LI><a href="#[7f]">&gt;&gt;</a>&nbsp;&nbsp;&nbsp;KeyNum_Get
<LI><a href="#[79]">&gt;&gt;</a>&nbsp;&nbsp;&nbsp;OLED_Update
<LI><a href="#[77]">&gt;&gt;</a>&nbsp;&nbsp;&nbsp;OLED_Clear
<LI><a href="#[7a]">&gt;&gt;</a>&nbsp;&nbsp;&nbsp;TIM4_Delayms
<LI><a href="#[7d]">&gt;&gt;</a>&nbsp;&nbsp;&nbsp;ShowErrMessage
<LI><a href="#[86]">&gt;&gt;</a>&nbsp;&nbsp;&nbsp;GET_NUM
<LI><a href="#[78]">&gt;&gt;</a>&nbsp;&nbsp;&nbsp;Menu_PrintfOptionStr
<LI><a href="#[92]">&gt;&gt;</a>&nbsp;&nbsp;&nbsp;Menu_BackEvent
<LI><a href="#[7c]">&gt;&gt;</a>&nbsp;&nbsp;&nbsp;PS_ValidTempleteNum
<LI><a href="#[90]">&gt;&gt;</a>&nbsp;&nbsp;&nbsp;PS_Empty
<LI><a href="#[91]">&gt;&gt;</a>&nbsp;&nbsp;&nbsp;PS_DeletChar
</UL>
<BR>[Address Reference Count : 1]<UL><LI> menu_data.o(.data)
</UL>
<P><STRONG><a name="[93]"></a>DetectData</STRONG> (Thumb, 50 bytes, Stack size 8 bytes, infrared.o(i.DetectData))
<BR><BR>[Stack]<UL><LI>Max Depth = 112<LI>Call Chain = DetectData &rArr; ESP8266_SendData &rArr; SendCmd &rArr; Serial_SendString &rArr; vTaskDelay &rArr; xTaskResumeAll &rArr; xTaskIncrementTick
</UL>
<BR>[Calls]<UL><LI><a href="#[88]">&gt;&gt;</a>&nbsp;&nbsp;&nbsp;BODY_HW_GetData
<LI><a href="#[94]">&gt;&gt;</a>&nbsp;&nbsp;&nbsp;ESP8266_SendData
</UL>
<BR>[Called By]<UL><LI><a href="#[57]">&gt;&gt;</a>&nbsp;&nbsp;&nbsp;task2
</UL>

<P><STRONG><a name="[95]"></a>ESP8266_Init</STRONG> (Thumb, 82 bytes, Stack size 8 bytes, esp8266.o(i.ESP8266_Init))
<BR><BR>[Stack]<UL><LI>Max Depth = 104<LI>Call Chain = ESP8266_Init &rArr; SendCmd &rArr; Serial_SendString &rArr; vTaskDelay &rArr; xTaskResumeAll &rArr; xTaskIncrementTick
</UL>
<BR>[Calls]<UL><LI><a href="#[97]">&gt;&gt;</a>&nbsp;&nbsp;&nbsp;SendCmd
<LI><a href="#[96]">&gt;&gt;</a>&nbsp;&nbsp;&nbsp;Serial_SendString
</UL>
<BR>[Called By]<UL><LI><a href="#[58]">&gt;&gt;</a>&nbsp;&nbsp;&nbsp;task3
</UL>

<P><STRONG><a name="[94]"></a>ESP8266_SendData</STRONG> (Thumb, 30 bytes, Stack size 8 bytes, esp8266.o(i.ESP8266_SendData))
<BR><BR>[Stack]<UL><LI>Max Depth = 104<LI>Call Chain = ESP8266_SendData &rArr; SendCmd &rArr; Serial_SendString &rArr; vTaskDelay &rArr; xTaskResumeAll &rArr; xTaskIncrementTick
</UL>
<BR>[Calls]<UL><LI><a href="#[97]">&gt;&gt;</a>&nbsp;&nbsp;&nbsp;SendCmd
<LI><a href="#[96]">&gt;&gt;</a>&nbsp;&nbsp;&nbsp;Serial_SendString
</UL>
<BR>[Called By]<UL><LI><a href="#[93]">&gt;&gt;</a>&nbsp;&nbsp;&nbsp;DetectData
</UL>

<P><STRONG><a name="[3b]"></a>EXTI15_10_IRQHandler</STRONG> (Thumb, 212 bytes, Stack size 8 bytes, encoder.o(i.EXTI15_10_IRQHandler))
<BR><BR>[Stack]<UL><LI>Max Depth = 32<LI>Call Chain = EXTI15_10_IRQHandler &rArr; TIM4_Delayms
</UL>
<BR>[Calls]<UL><LI><a href="#[89]">&gt;&gt;</a>&nbsp;&nbsp;&nbsp;GPIO_ReadInputDataBit
<LI><a href="#[98]">&gt;&gt;</a>&nbsp;&nbsp;&nbsp;EXTI_GetITStatus
<LI><a href="#[99]">&gt;&gt;</a>&nbsp;&nbsp;&nbsp;EXTI_ClearITPendingBit
<LI><a href="#[7a]">&gt;&gt;</a>&nbsp;&nbsp;&nbsp;TIM4_Delayms
</UL>
<BR>[Address Reference Count : 1]<UL><LI> startup_stm32f10x_hd.o(RESET)
</UL>
<P><STRONG><a name="[99]"></a>EXTI_ClearITPendingBit</STRONG> (Thumb, 6 bytes, Stack size 0 bytes, stm32f10x_exti.o(i.EXTI_ClearITPendingBit))
<BR><BR>[Called By]<UL><LI><a href="#[3b]">&gt;&gt;</a>&nbsp;&nbsp;&nbsp;EXTI15_10_IRQHandler
</UL>

<P><STRONG><a name="[98]"></a>EXTI_GetITStatus</STRONG> (Thumb, 34 bytes, Stack size 0 bytes, stm32f10x_exti.o(i.EXTI_GetITStatus))
<BR><BR>[Called By]<UL><LI><a href="#[3b]">&gt;&gt;</a>&nbsp;&nbsp;&nbsp;EXTI15_10_IRQHandler
</UL>

<P><STRONG><a name="[9c]"></a>EXTI_Init</STRONG> (Thumb, 142 bytes, Stack size 0 bytes, stm32f10x_exti.o(i.EXTI_Init))
<BR><BR>[Called By]<UL><LI><a href="#[9a]">&gt;&gt;</a>&nbsp;&nbsp;&nbsp;Encoder_Init
</UL>

<P><STRONG><a name="[a3]"></a>Encoder_Get</STRONG> (Thumb, 14 bytes, Stack size 0 bytes, encoder.o(i.Encoder_Get))
<BR><BR>[Called By]<UL><LI><a href="#[3]">&gt;&gt;</a>&nbsp;&nbsp;&nbsp;Menu_PassCode
<LI><a href="#[86]">&gt;&gt;</a>&nbsp;&nbsp;&nbsp;GET_NUM
<LI><a href="#[bc]">&gt;&gt;</a>&nbsp;&nbsp;&nbsp;Menu_RollEvent
</UL>

<P><STRONG><a name="[9a]"></a>Encoder_Init</STRONG> (Thumb, 188 bytes, Stack size 24 bytes, encoder.o(i.Encoder_Init))
<BR><BR>[Stack]<UL><LI>Max Depth = 48<LI>Call Chain = Encoder_Init &rArr; GPIO_Init
</UL>
<BR>[Calls]<UL><LI><a href="#[9d]">&gt;&gt;</a>&nbsp;&nbsp;&nbsp;NVIC_PriorityGroupConfig
<LI><a href="#[9e]">&gt;&gt;</a>&nbsp;&nbsp;&nbsp;NVIC_Init
<LI><a href="#[8c]">&gt;&gt;</a>&nbsp;&nbsp;&nbsp;GPIO_Init
<LI><a href="#[9b]">&gt;&gt;</a>&nbsp;&nbsp;&nbsp;GPIO_EXTILineConfig
<LI><a href="#[9c]">&gt;&gt;</a>&nbsp;&nbsp;&nbsp;EXTI_Init
<LI><a href="#[8b]">&gt;&gt;</a>&nbsp;&nbsp;&nbsp;RCC_APB2PeriphClockCmd
</UL>
<BR>[Called By]<UL><LI><a href="#[4f]">&gt;&gt;</a>&nbsp;&nbsp;&nbsp;main
</UL>

<P><STRONG><a name="[f1]"></a>EnsureMessage</STRONG> (Thumb, 140 bytes, Stack size 0 bytes, as608.o(i.EnsureMessage))
<BR><BR>[Called By]<UL><LI><a href="#[7d]">&gt;&gt;</a>&nbsp;&nbsp;&nbsp;ShowErrMessage
<LI><a href="#[7c]">&gt;&gt;</a>&nbsp;&nbsp;&nbsp;PS_ValidTempleteNum
<LI><a href="#[7e]">&gt;&gt;</a>&nbsp;&nbsp;&nbsp;PS_ReadSysPara
</UL>

<P><STRONG><a name="[9f]"></a>FLASH_ErasePage</STRONG> (Thumb, 72 bytes, Stack size 12 bytes, stm32f10x_flash.o(i.FLASH_ErasePage))
<BR><BR>[Stack]<UL><LI>Max Depth = 16<LI>Call Chain = FLASH_ErasePage &rArr; FLASH_WaitForLastOperation
</UL>
<BR>[Calls]<UL><LI><a href="#[a0]">&gt;&gt;</a>&nbsp;&nbsp;&nbsp;FLASH_WaitForLastOperation
</UL>
<BR>[Called By]<UL><LI><a href="#[c3]">&gt;&gt;</a>&nbsp;&nbsp;&nbsp;MyFLASH_ErasePages
</UL>

<P><STRONG><a name="[a2]"></a>FLASH_GetBank1Status</STRONG> (Thumb, 48 bytes, Stack size 0 bytes, stm32f10x_flash.o(i.FLASH_GetBank1Status))
<BR><BR>[Called By]<UL><LI><a href="#[a0]">&gt;&gt;</a>&nbsp;&nbsp;&nbsp;FLASH_WaitForLastOperation
</UL>

<P><STRONG><a name="[c5]"></a>FLASH_Lock</STRONG> (Thumb, 14 bytes, Stack size 0 bytes, stm32f10x_flash.o(i.FLASH_Lock))
<BR><BR>[Called By]<UL><LI><a href="#[c6]">&gt;&gt;</a>&nbsp;&nbsp;&nbsp;MyFLASH_ProgramHalfWord
<LI><a href="#[c3]">&gt;&gt;</a>&nbsp;&nbsp;&nbsp;MyFLASH_ErasePages
</UL>

<P><STRONG><a name="[a1]"></a>FLASH_ProgramHalfWord</STRONG> (Thumb, 60 bytes, Stack size 16 bytes, stm32f10x_flash.o(i.FLASH_ProgramHalfWord))
<BR><BR>[Stack]<UL><LI>Max Depth = 20<LI>Call Chain = FLASH_ProgramHalfWord &rArr; FLASH_WaitForLastOperation
</UL>
<BR>[Calls]<UL><LI><a href="#[a0]">&gt;&gt;</a>&nbsp;&nbsp;&nbsp;FLASH_WaitForLastOperation
</UL>
<BR>[Called By]<UL><LI><a href="#[c6]">&gt;&gt;</a>&nbsp;&nbsp;&nbsp;MyFLASH_ProgramHalfWord
</UL>

<P><STRONG><a name="[c4]"></a>FLASH_Unlock</STRONG> (Thumb, 12 bytes, Stack size 0 bytes, stm32f10x_flash.o(i.FLASH_Unlock))
<BR><BR>[Called By]<UL><LI><a href="#[c6]">&gt;&gt;</a>&nbsp;&nbsp;&nbsp;MyFLASH_ProgramHalfWord
<LI><a href="#[c3]">&gt;&gt;</a>&nbsp;&nbsp;&nbsp;MyFLASH_ErasePages
</UL>

<P><STRONG><a name="[a0]"></a>FLASH_WaitForLastOperation</STRONG> (Thumb, 38 bytes, Stack size 4 bytes, stm32f10x_flash.o(i.FLASH_WaitForLastOperation))
<BR><BR>[Stack]<UL><LI>Max Depth = 4<LI>Call Chain = FLASH_WaitForLastOperation
</UL>
<BR>[Calls]<UL><LI><a href="#[a2]">&gt;&gt;</a>&nbsp;&nbsp;&nbsp;FLASH_GetBank1Status
</UL>
<BR>[Called By]<UL><LI><a href="#[a1]">&gt;&gt;</a>&nbsp;&nbsp;&nbsp;FLASH_ProgramHalfWord
<LI><a href="#[9f]">&gt;&gt;</a>&nbsp;&nbsp;&nbsp;FLASH_ErasePage
</UL>

<P><STRONG><a name="[86]"></a>GET_NUM</STRONG> (Thumb, 22 bytes, Stack size 8 bytes, menu_data.o(i.GET_NUM))
<BR><BR>[Stack]<UL><LI>Max Depth = 8<LI>Call Chain = GET_NUM
</UL>
<BR>[Calls]<UL><LI><a href="#[a3]">&gt;&gt;</a>&nbsp;&nbsp;&nbsp;Encoder_Get
</UL>
<BR>[Called By]<UL><LI><a href="#[7]">&gt;&gt;</a>&nbsp;&nbsp;&nbsp;Del_FR
<LI><a href="#[5]">&gt;&gt;</a>&nbsp;&nbsp;&nbsp;Add_FR
</UL>

<P><STRONG><a name="[9b]"></a>GPIO_EXTILineConfig</STRONG> (Thumb, 60 bytes, Stack size 12 bytes, stm32f10x_gpio.o(i.GPIO_EXTILineConfig))
<BR><BR>[Stack]<UL><LI>Max Depth = 12<LI>Call Chain = GPIO_EXTILineConfig
</UL>
<BR>[Called By]<UL><LI><a href="#[9a]">&gt;&gt;</a>&nbsp;&nbsp;&nbsp;Encoder_Init
</UL>

<P><STRONG><a name="[8c]"></a>GPIO_Init</STRONG> (Thumb, 278 bytes, Stack size 24 bytes, stm32f10x_gpio.o(i.GPIO_Init))
<BR><BR>[Stack]<UL><LI>Max Depth = 24<LI>Call Chain = GPIO_Init
</UL>
<BR>[Called By]<UL><LI><a href="#[8a]">&gt;&gt;</a>&nbsp;&nbsp;&nbsp;BODY_HW_Init
<LI><a href="#[8d]">&gt;&gt;</a>&nbsp;&nbsp;&nbsp;Beep_Init
<LI><a href="#[ff]">&gt;&gt;</a>&nbsp;&nbsp;&nbsp;Serial_Init
<LI><a href="#[9a]">&gt;&gt;</a>&nbsp;&nbsp;&nbsp;Encoder_Init
<LI><a href="#[f2]">&gt;&gt;</a>&nbsp;&nbsp;&nbsp;PWM_Init
<LI><a href="#[d8]">&gt;&gt;</a>&nbsp;&nbsp;&nbsp;OLED_GPIO_Init
<LI><a href="#[11b]">&gt;&gt;</a>&nbsp;&nbsp;&nbsp;usart1_init
</UL>

<P><STRONG><a name="[f3]"></a>GPIO_PinRemapConfig</STRONG> (Thumb, 138 bytes, Stack size 20 bytes, stm32f10x_gpio.o(i.GPIO_PinRemapConfig))
<BR><BR>[Stack]<UL><LI>Max Depth = 20<LI>Call Chain = GPIO_PinRemapConfig
</UL>
<BR>[Called By]<UL><LI><a href="#[f2]">&gt;&gt;</a>&nbsp;&nbsp;&nbsp;PWM_Init
</UL>

<P><STRONG><a name="[89]"></a>GPIO_ReadInputDataBit</STRONG> (Thumb, 18 bytes, Stack size 0 bytes, stm32f10x_gpio.o(i.GPIO_ReadInputDataBit))
<BR><BR>[Called By]<UL><LI><a href="#[a8]">&gt;&gt;</a>&nbsp;&nbsp;&nbsp;Key_Back_Get
<LI><a href="#[88]">&gt;&gt;</a>&nbsp;&nbsp;&nbsp;BODY_HW_GetData
<LI><a href="#[3b]">&gt;&gt;</a>&nbsp;&nbsp;&nbsp;EXTI15_10_IRQHandler
<LI><a href="#[6]">&gt;&gt;</a>&nbsp;&nbsp;&nbsp;press_FR
</UL>

<P><STRONG><a name="[8f]"></a>GPIO_ResetBits</STRONG> (Thumb, 4 bytes, Stack size 0 bytes, stm32f10x_gpio.o(i.GPIO_ResetBits))
<BR><BR>[Called By]<UL><LI><a href="#[81]">&gt;&gt;</a>&nbsp;&nbsp;&nbsp;Beep_ON
</UL>

<P><STRONG><a name="[8e]"></a>GPIO_SetBits</STRONG> (Thumb, 4 bytes, Stack size 0 bytes, stm32f10x_gpio.o(i.GPIO_SetBits))
<BR><BR>[Called By]<UL><LI><a href="#[83]">&gt;&gt;</a>&nbsp;&nbsp;&nbsp;Beep_OFF
<LI><a href="#[8d]">&gt;&gt;</a>&nbsp;&nbsp;&nbsp;Beep_Init
</UL>

<P><STRONG><a name="[e8]"></a>GPIO_WriteBit</STRONG> (Thumb, 10 bytes, Stack size 0 bytes, stm32f10x_gpio.o(i.GPIO_WriteBit))
<BR><BR>[Called By]<UL><LI><a href="#[da]">&gt;&gt;</a>&nbsp;&nbsp;&nbsp;OLED_W_SDA
<LI><a href="#[d9]">&gt;&gt;</a>&nbsp;&nbsp;&nbsp;OLED_W_SCL
</UL>

<P><STRONG><a name="[b]"></a>HardFault_Handler</STRONG> (Thumb, 4 bytes, Stack size 0 bytes, stm32f10x_it.o(i.HardFault_Handler))
<BR>[Address Reference Count : 1]<UL><LI> startup_stm32f10x_hd.o(RESET)
</UL>
<P><STRONG><a name="[7f]"></a>KeyNum_Get</STRONG> (Thumb, 14 bytes, Stack size 0 bytes, encoder.o(i.KeyNum_Get))
<BR><BR>[Called By]<UL><LI><a href="#[3]">&gt;&gt;</a>&nbsp;&nbsp;&nbsp;Menu_PassCode
<LI><a href="#[7]">&gt;&gt;</a>&nbsp;&nbsp;&nbsp;Del_FR
<LI><a href="#[5]">&gt;&gt;</a>&nbsp;&nbsp;&nbsp;Add_FR
<LI><a href="#[af]">&gt;&gt;</a>&nbsp;&nbsp;&nbsp;Menu_EnterEvent
<LI><a href="#[0]">&gt;&gt;</a>&nbsp;&nbsp;&nbsp;Menu_Main
</UL>

<P><STRONG><a name="[a8]"></a>Key_Back_Get</STRONG> (Thumb, 46 bytes, Stack size 8 bytes, key.o(i.Key_Back_Get))
<BR><BR>[Stack]<UL><LI>Max Depth = 32<LI>Call Chain = Key_Back_Get &rArr; TIM4_Delayms
</UL>
<BR>[Calls]<UL><LI><a href="#[89]">&gt;&gt;</a>&nbsp;&nbsp;&nbsp;GPIO_ReadInputDataBit
<LI><a href="#[7a]">&gt;&gt;</a>&nbsp;&nbsp;&nbsp;TIM4_Delayms
</UL>
<BR>[Called By]<UL><LI><a href="#[92]">&gt;&gt;</a>&nbsp;&nbsp;&nbsp;Menu_BackEvent
</UL>

<P><STRONG><a name="[c]"></a>MemManage_Handler</STRONG> (Thumb, 4 bytes, Stack size 0 bytes, stm32f10x_it.o(i.MemManage_Handler))
<BR>[Address Reference Count : 1]<UL><LI> startup_stm32f10x_hd.o(RESET)
</UL>
<P><STRONG><a name="[92]"></a>Menu_BackEvent</STRONG> (Thumb, 10 bytes, Stack size 8 bytes, menu.o(i.Menu_BackEvent))
<BR><BR>[Stack]<UL><LI>Max Depth = 40<LI>Call Chain = Menu_BackEvent &rArr; Key_Back_Get &rArr; TIM4_Delayms
</UL>
<BR>[Calls]<UL><LI><a href="#[a8]">&gt;&gt;</a>&nbsp;&nbsp;&nbsp;Key_Back_Get
</UL>
<BR>[Called By]<UL><LI><a href="#[3]">&gt;&gt;</a>&nbsp;&nbsp;&nbsp;Menu_PassCode
<LI><a href="#[8]">&gt;&gt;</a>&nbsp;&nbsp;&nbsp;Menu_Information
<LI><a href="#[7]">&gt;&gt;</a>&nbsp;&nbsp;&nbsp;Del_FR
<LI><a href="#[b0]">&gt;&gt;</a>&nbsp;&nbsp;&nbsp;Menu_RunMenu
<LI><a href="#[0]">&gt;&gt;</a>&nbsp;&nbsp;&nbsp;Menu_Main
</UL>

<P><STRONG><a name="[ab]"></a>Menu_CurveMigration</STRONG> (Thumb, 132 bytes, Stack size 32 bytes, menu.o(i.Menu_CurveMigration))
<BR><BR>[Stack]<UL><LI>Max Depth = 52<LI>Call Chain = Menu_CurveMigration &rArr; __aeabi_fadd &rArr; _float_epilogue
</UL>
<BR>[Calls]<UL><LI><a href="#[ad]">&gt;&gt;</a>&nbsp;&nbsp;&nbsp;__aeabi_fmul
<LI><a href="#[62]">&gt;&gt;</a>&nbsp;&nbsp;&nbsp;__aeabi_fadd
<LI><a href="#[ae]">&gt;&gt;</a>&nbsp;&nbsp;&nbsp;__aeabi_cfcmple
<LI><a href="#[65]">&gt;&gt;</a>&nbsp;&nbsp;&nbsp;__aeabi_fsub
<LI><a href="#[66]">&gt;&gt;</a>&nbsp;&nbsp;&nbsp;__aeabi_frsub
<LI><a href="#[ac]">&gt;&gt;</a>&nbsp;&nbsp;&nbsp;__aeabi_cfrcmple
</UL>
<BR>[Called By]<UL><LI><a href="#[bf]">&gt;&gt;</a>&nbsp;&nbsp;&nbsp;Menu_ShowCursor
</UL>

<P><STRONG><a name="[af]"></a>Menu_EnterEvent</STRONG> (Thumb, 10 bytes, Stack size 8 bytes, menu.o(i.Menu_EnterEvent))
<BR><BR>[Stack]<UL><LI>Max Depth = 8<LI>Call Chain = Menu_EnterEvent
</UL>
<BR>[Calls]<UL><LI><a href="#[7f]">&gt;&gt;</a>&nbsp;&nbsp;&nbsp;KeyNum_Get
</UL>
<BR>[Called By]<UL><LI><a href="#[b0]">&gt;&gt;</a>&nbsp;&nbsp;&nbsp;Menu_RunMenu
</UL>

<P><STRONG><a name="[4]"></a>Menu_FingerPrintMenu</STRONG> (Thumb, 10 bytes, Stack size 8 bytes, menu_data.o(i.Menu_FingerPrintMenu))
<BR><BR>[Stack]<UL><LI>Max Depth = 312<LI>Call Chain = Menu_FingerPrintMenu &rArr; Menu_RunMenu &rArr; Menu_PrintfOptionStr &rArr; OLED_ShowStringArea &rArr; OLED_MyShowChinese &rArr; OLED_ShowImage &rArr; OLED_ClearArea
</UL>
<BR>[Calls]<UL><LI><a href="#[b0]">&gt;&gt;</a>&nbsp;&nbsp;&nbsp;Menu_RunMenu
</UL>
<BR>[Address Reference Count : 1]<UL><LI> menu_data.o(.data)
</UL>
<P><STRONG><a name="[8]"></a>Menu_Information</STRONG> (Thumb, 124 bytes, Stack size 8 bytes, menu_data.o(i.Menu_Information))
<BR><BR>[Stack]<UL><LI>Max Depth = 160<LI>Call Chain = Menu_Information &rArr; OLED_ShowString &rArr; OLED_ShowChar &rArr; OLED_ShowImage &rArr; OLED_ClearArea
</UL>
<BR>[Calls]<UL><LI><a href="#[79]">&gt;&gt;</a>&nbsp;&nbsp;&nbsp;OLED_Update
<LI><a href="#[b1]">&gt;&gt;</a>&nbsp;&nbsp;&nbsp;OLED_ShowString
<LI><a href="#[b2]">&gt;&gt;</a>&nbsp;&nbsp;&nbsp;OLED_ShowHexNum
<LI><a href="#[77]">&gt;&gt;</a>&nbsp;&nbsp;&nbsp;OLED_Clear
<LI><a href="#[92]">&gt;&gt;</a>&nbsp;&nbsp;&nbsp;Menu_BackEvent
</UL>
<BR>[Address Reference Count : 1]<UL><LI> menu_data.o(.data)
</UL>
<P><STRONG><a name="[0]"></a>Menu_Main</STRONG> (Thumb, 212 bytes, Stack size 16 bytes, menu_data.o(i.Menu_Main))
<BR><BR>[Stack]<UL><LI>Max Depth = 328<LI>Call Chain = Menu_Main &rArr; Menu_RunMainMenu &rArr; Menu_RunMenu &rArr; Menu_PrintfOptionStr &rArr; OLED_ShowStringArea &rArr; OLED_MyShowChinese &rArr; OLED_ShowImage &rArr; OLED_ClearArea
</UL>
<BR>[Calls]<UL><LI><a href="#[b6]">&gt;&gt;</a>&nbsp;&nbsp;&nbsp;vTaskDelay
<LI><a href="#[7f]">&gt;&gt;</a>&nbsp;&nbsp;&nbsp;KeyNum_Get
<LI><a href="#[79]">&gt;&gt;</a>&nbsp;&nbsp;&nbsp;OLED_Update
<LI><a href="#[b1]">&gt;&gt;</a>&nbsp;&nbsp;&nbsp;OLED_ShowString
<LI><a href="#[b4]">&gt;&gt;</a>&nbsp;&nbsp;&nbsp;OLED_ShowNum
<LI><a href="#[77]">&gt;&gt;</a>&nbsp;&nbsp;&nbsp;OLED_Clear
<LI><a href="#[b3]">&gt;&gt;</a>&nbsp;&nbsp;&nbsp;MyRTC_ReadTime
<LI><a href="#[b5]">&gt;&gt;</a>&nbsp;&nbsp;&nbsp;Menu_RunMainMenu
<LI><a href="#[78]">&gt;&gt;</a>&nbsp;&nbsp;&nbsp;Menu_PrintfOptionStr
<LI><a href="#[92]">&gt;&gt;</a>&nbsp;&nbsp;&nbsp;Menu_BackEvent
</UL>
<BR>[Called By]<UL><LI><a href="#[56]">&gt;&gt;</a>&nbsp;&nbsp;&nbsp;task1
</UL>
<BR>[Address Reference Count : 1]<UL><LI> menu_data.o(.data)
</UL>
<P><STRONG><a name="[3]"></a>Menu_PassCode</STRONG> (Thumb, 326 bytes, Stack size 16 bytes, menu_data.o(i.Menu_PassCode))
<BR><BR>[Stack]<UL><LI>Max Depth = 240<LI>Call Chain = Menu_PassCode &rArr; Menu_PrintfOptionStr &rArr; OLED_ShowStringArea &rArr; OLED_MyShowChinese &rArr; OLED_ShowImage &rArr; OLED_ClearArea
</UL>
<BR>[Calls]<UL><LI><a href="#[81]">&gt;&gt;</a>&nbsp;&nbsp;&nbsp;Beep_ON
<LI><a href="#[b9]">&gt;&gt;</a>&nbsp;&nbsp;&nbsp;Servo_SetAngle
<LI><a href="#[7f]">&gt;&gt;</a>&nbsp;&nbsp;&nbsp;KeyNum_Get
<LI><a href="#[a3]">&gt;&gt;</a>&nbsp;&nbsp;&nbsp;Encoder_Get
<LI><a href="#[79]">&gt;&gt;</a>&nbsp;&nbsp;&nbsp;OLED_Update
<LI><a href="#[77]">&gt;&gt;</a>&nbsp;&nbsp;&nbsp;OLED_Clear
<LI><a href="#[b8]">&gt;&gt;</a>&nbsp;&nbsp;&nbsp;Store_Save
<LI><a href="#[b7]">&gt;&gt;</a>&nbsp;&nbsp;&nbsp;Store_Clear
<LI><a href="#[78]">&gt;&gt;</a>&nbsp;&nbsp;&nbsp;Menu_PrintfOptionStr
<LI><a href="#[92]">&gt;&gt;</a>&nbsp;&nbsp;&nbsp;Menu_BackEvent
</UL>
<BR>[Address Reference Count : 1]<UL><LI> menu_data.o(.data)
</UL>
<P><STRONG><a name="[78]"></a>Menu_PrintfOptionStr</STRONG> (Thumb, 60 bytes, Stack size 72 bytes, menu.o(i.Menu_PrintfOptionStr))
<BR><BR>[Stack]<UL><LI>Max Depth = 224<LI>Call Chain = Menu_PrintfOptionStr &rArr; OLED_ShowStringArea &rArr; OLED_MyShowChinese &rArr; OLED_ShowImage &rArr; OLED_ClearArea
</UL>
<BR>[Calls]<UL><LI><a href="#[bb]">&gt;&gt;</a>&nbsp;&nbsp;&nbsp;OLED_ShowStringArea
<LI><a href="#[ba]">&gt;&gt;</a>&nbsp;&nbsp;&nbsp;vsprintf
</UL>
<BR>[Called By]<UL><LI><a href="#[6]">&gt;&gt;</a>&nbsp;&nbsp;&nbsp;press_FR
<LI><a href="#[7d]">&gt;&gt;</a>&nbsp;&nbsp;&nbsp;ShowErrMessage
<LI><a href="#[3]">&gt;&gt;</a>&nbsp;&nbsp;&nbsp;Menu_PassCode
<LI><a href="#[7]">&gt;&gt;</a>&nbsp;&nbsp;&nbsp;Del_FR
<LI><a href="#[5]">&gt;&gt;</a>&nbsp;&nbsp;&nbsp;Add_FR
<LI><a href="#[b0]">&gt;&gt;</a>&nbsp;&nbsp;&nbsp;Menu_RunMenu
<LI><a href="#[0]">&gt;&gt;</a>&nbsp;&nbsp;&nbsp;Menu_Main
</UL>

<P><STRONG><a name="[bc]"></a>Menu_RollEvent</STRONG> (Thumb, 10 bytes, Stack size 8 bytes, menu.o(i.Menu_RollEvent))
<BR><BR>[Stack]<UL><LI>Max Depth = 8<LI>Call Chain = Menu_RollEvent
</UL>
<BR>[Calls]<UL><LI><a href="#[a3]">&gt;&gt;</a>&nbsp;&nbsp;&nbsp;Encoder_Get
</UL>
<BR>[Called By]<UL><LI><a href="#[b0]">&gt;&gt;</a>&nbsp;&nbsp;&nbsp;Menu_RunMenu
</UL>

<P><STRONG><a name="[b5]"></a>Menu_RunMainMenu</STRONG> (Thumb, 10 bytes, Stack size 8 bytes, menu_data.o(i.Menu_RunMainMenu))
<BR><BR>[Stack]<UL><LI>Max Depth = 312<LI>Call Chain = Menu_RunMainMenu &rArr; Menu_RunMenu &rArr; Menu_PrintfOptionStr &rArr; OLED_ShowStringArea &rArr; OLED_MyShowChinese &rArr; OLED_ShowImage &rArr; OLED_ClearArea
</UL>
<BR>[Calls]<UL><LI><a href="#[b0]">&gt;&gt;</a>&nbsp;&nbsp;&nbsp;Menu_RunMenu
</UL>
<BR>[Called By]<UL><LI><a href="#[0]">&gt;&gt;</a>&nbsp;&nbsp;&nbsp;Menu_Main
</UL>

<P><STRONG><a name="[b0]"></a>Menu_RunMenu</STRONG> (Thumb, 568 bytes, Stack size 80 bytes, menu.o(i.Menu_RunMenu))
<BR><BR>[Stack]<UL><LI>Max Depth = 304<LI>Call Chain = Menu_RunMenu &rArr; Menu_PrintfOptionStr &rArr; OLED_ShowStringArea &rArr; OLED_MyShowChinese &rArr; OLED_ShowImage &rArr; OLED_ClearArea
</UL>
<BR>[Calls]<UL><LI><a href="#[67]">&gt;&gt;</a>&nbsp;&nbsp;&nbsp;__aeabi_fdiv
<LI><a href="#[71]">&gt;&gt;</a>&nbsp;&nbsp;&nbsp;__aeabi_i2f
<LI><a href="#[be]">&gt;&gt;</a>&nbsp;&nbsp;&nbsp;__aeabi_f2d
<LI><a href="#[79]">&gt;&gt;</a>&nbsp;&nbsp;&nbsp;OLED_Update
<LI><a href="#[77]">&gt;&gt;</a>&nbsp;&nbsp;&nbsp;OLED_Clear
<LI><a href="#[bd]">&gt;&gt;</a>&nbsp;&nbsp;&nbsp;__aeabi_f2iz
<LI><a href="#[bf]">&gt;&gt;</a>&nbsp;&nbsp;&nbsp;Menu_ShowCursor
<LI><a href="#[bc]">&gt;&gt;</a>&nbsp;&nbsp;&nbsp;Menu_RollEvent
<LI><a href="#[78]">&gt;&gt;</a>&nbsp;&nbsp;&nbsp;Menu_PrintfOptionStr
<LI><a href="#[af]">&gt;&gt;</a>&nbsp;&nbsp;&nbsp;Menu_EnterEvent
<LI><a href="#[92]">&gt;&gt;</a>&nbsp;&nbsp;&nbsp;Menu_BackEvent
</UL>
<BR>[Called By]<UL><LI><a href="#[1]">&gt;&gt;</a>&nbsp;&nbsp;&nbsp;Menu_RunUnlockMenu
<LI><a href="#[2]">&gt;&gt;</a>&nbsp;&nbsp;&nbsp;Menu_RunSettingMenu
<LI><a href="#[b5]">&gt;&gt;</a>&nbsp;&nbsp;&nbsp;Menu_RunMainMenu
<LI><a href="#[4]">&gt;&gt;</a>&nbsp;&nbsp;&nbsp;Menu_FingerPrintMenu
</UL>

<P><STRONG><a name="[2]"></a>Menu_RunSettingMenu</STRONG> (Thumb, 10 bytes, Stack size 8 bytes, menu_data.o(i.Menu_RunSettingMenu))
<BR><BR>[Stack]<UL><LI>Max Depth = 312<LI>Call Chain = Menu_RunSettingMenu &rArr; Menu_RunMenu &rArr; Menu_PrintfOptionStr &rArr; OLED_ShowStringArea &rArr; OLED_MyShowChinese &rArr; OLED_ShowImage &rArr; OLED_ClearArea
</UL>
<BR>[Calls]<UL><LI><a href="#[b0]">&gt;&gt;</a>&nbsp;&nbsp;&nbsp;Menu_RunMenu
</UL>
<BR>[Address Reference Count : 1]<UL><LI> menu_data.o(.data)
</UL>
<P><STRONG><a name="[1]"></a>Menu_RunUnlockMenu</STRONG> (Thumb, 10 bytes, Stack size 8 bytes, menu_data.o(i.Menu_RunUnlockMenu))
<BR><BR>[Stack]<UL><LI>Max Depth = 312<LI>Call Chain = Menu_RunUnlockMenu &rArr; Menu_RunMenu &rArr; Menu_PrintfOptionStr &rArr; OLED_ShowStringArea &rArr; OLED_MyShowChinese &rArr; OLED_ShowImage &rArr; OLED_ClearArea
</UL>
<BR>[Calls]<UL><LI><a href="#[b0]">&gt;&gt;</a>&nbsp;&nbsp;&nbsp;Menu_RunMenu
</UL>
<BR>[Address Reference Count : 1]<UL><LI> menu_data.o(.data)
</UL>
<P><STRONG><a name="[bf]"></a>Menu_ShowCursor</STRONG> (Thumb, 286 bytes, Stack size 56 bytes, menu.o(i.Menu_ShowCursor))
<BR><BR>[Stack]<UL><LI>Max Depth = 208<LI>Call Chain = Menu_ShowCursor &rArr; OLED_ShowString &rArr; OLED_ShowChar &rArr; OLED_ShowImage &rArr; OLED_ClearArea
</UL>
<BR>[Calls]<UL><LI><a href="#[67]">&gt;&gt;</a>&nbsp;&nbsp;&nbsp;__aeabi_fdiv
<LI><a href="#[c0]">&gt;&gt;</a>&nbsp;&nbsp;&nbsp;__aeabi_f2uiz
<LI><a href="#[62]">&gt;&gt;</a>&nbsp;&nbsp;&nbsp;__aeabi_fadd
<LI><a href="#[b1]">&gt;&gt;</a>&nbsp;&nbsp;&nbsp;OLED_ShowString
<LI><a href="#[c1]">&gt;&gt;</a>&nbsp;&nbsp;&nbsp;OLED_ReverseArea
<LI><a href="#[c2]">&gt;&gt;</a>&nbsp;&nbsp;&nbsp;OLED_DrawRectangle
<LI><a href="#[65]">&gt;&gt;</a>&nbsp;&nbsp;&nbsp;__aeabi_fsub
<LI><a href="#[bd]">&gt;&gt;</a>&nbsp;&nbsp;&nbsp;__aeabi_f2iz
<LI><a href="#[ab]">&gt;&gt;</a>&nbsp;&nbsp;&nbsp;Menu_CurveMigration
</UL>
<BR>[Called By]<UL><LI><a href="#[b0]">&gt;&gt;</a>&nbsp;&nbsp;&nbsp;Menu_RunMenu
</UL>

<P><STRONG><a name="[c3]"></a>MyFLASH_ErasePages</STRONG> (Thumb, 20 bytes, Stack size 8 bytes, myflash.o(i.MyFLASH_ErasePages))
<BR><BR>[Stack]<UL><LI>Max Depth = 24<LI>Call Chain = MyFLASH_ErasePages &rArr; FLASH_ErasePage &rArr; FLASH_WaitForLastOperation
</UL>
<BR>[Calls]<UL><LI><a href="#[c4]">&gt;&gt;</a>&nbsp;&nbsp;&nbsp;FLASH_Unlock
<LI><a href="#[c5]">&gt;&gt;</a>&nbsp;&nbsp;&nbsp;FLASH_Lock
<LI><a href="#[9f]">&gt;&gt;</a>&nbsp;&nbsp;&nbsp;FLASH_ErasePage
</UL>
<BR>[Called By]<UL><LI><a href="#[b8]">&gt;&gt;</a>&nbsp;&nbsp;&nbsp;Store_Save
<LI><a href="#[10a]">&gt;&gt;</a>&nbsp;&nbsp;&nbsp;Store_Init
</UL>

<P><STRONG><a name="[c6]"></a>MyFLASH_ProgramHalfWord</STRONG> (Thumb, 24 bytes, Stack size 16 bytes, myflash.o(i.MyFLASH_ProgramHalfWord))
<BR><BR>[Stack]<UL><LI>Max Depth = 36<LI>Call Chain = MyFLASH_ProgramHalfWord &rArr; FLASH_ProgramHalfWord &rArr; FLASH_WaitForLastOperation
</UL>
<BR>[Calls]<UL><LI><a href="#[c4]">&gt;&gt;</a>&nbsp;&nbsp;&nbsp;FLASH_Unlock
<LI><a href="#[a1]">&gt;&gt;</a>&nbsp;&nbsp;&nbsp;FLASH_ProgramHalfWord
<LI><a href="#[c5]">&gt;&gt;</a>&nbsp;&nbsp;&nbsp;FLASH_Lock
</UL>
<BR>[Called By]<UL><LI><a href="#[b8]">&gt;&gt;</a>&nbsp;&nbsp;&nbsp;Store_Save
<LI><a href="#[10a]">&gt;&gt;</a>&nbsp;&nbsp;&nbsp;Store_Init
</UL>

<P><STRONG><a name="[10b]"></a>MyFLASH_ReadHalfWord</STRONG> (Thumb, 6 bytes, Stack size 0 bytes, myflash.o(i.MyFLASH_ReadHalfWord))
<BR><BR>[Called By]<UL><LI><a href="#[10a]">&gt;&gt;</a>&nbsp;&nbsp;&nbsp;Store_Init
</UL>

<P><STRONG><a name="[c7]"></a>MyRTC_Init</STRONG> (Thumb, 114 bytes, Stack size 8 bytes, myrtc.o(i.MyRTC_Init))
<BR><BR>[Stack]<UL><LI>Max Depth = 88<LI>Call Chain = MyRTC_Init &rArr; MyRTX_SetTime &rArr; mktime &rArr; _localtime
</UL>
<BR>[Calls]<UL><LI><a href="#[d3]">&gt;&gt;</a>&nbsp;&nbsp;&nbsp;BKP_WriteBackupRegister
<LI><a href="#[ca]">&gt;&gt;</a>&nbsp;&nbsp;&nbsp;BKP_ReadBackupRegister
<LI><a href="#[cf]">&gt;&gt;</a>&nbsp;&nbsp;&nbsp;RTC_WaitForSynchro
<LI><a href="#[d0]">&gt;&gt;</a>&nbsp;&nbsp;&nbsp;RTC_WaitForLastTask
<LI><a href="#[d1]">&gt;&gt;</a>&nbsp;&nbsp;&nbsp;RTC_SetPrescaler
<LI><a href="#[cd]">&gt;&gt;</a>&nbsp;&nbsp;&nbsp;RCC_RTCCLKConfig
<LI><a href="#[ce]">&gt;&gt;</a>&nbsp;&nbsp;&nbsp;RCC_RTCCLKCmd
<LI><a href="#[cb]">&gt;&gt;</a>&nbsp;&nbsp;&nbsp;RCC_LSEConfig
<LI><a href="#[cc]">&gt;&gt;</a>&nbsp;&nbsp;&nbsp;RCC_GetFlagStatus
<LI><a href="#[c8]">&gt;&gt;</a>&nbsp;&nbsp;&nbsp;RCC_APB1PeriphClockCmd
<LI><a href="#[c9]">&gt;&gt;</a>&nbsp;&nbsp;&nbsp;PWR_BackupAccessCmd
<LI><a href="#[d2]">&gt;&gt;</a>&nbsp;&nbsp;&nbsp;MyRTX_SetTime
</UL>
<BR>[Called By]<UL><LI><a href="#[4f]">&gt;&gt;</a>&nbsp;&nbsp;&nbsp;main
</UL>

<P><STRONG><a name="[b3]"></a>MyRTC_ReadTime</STRONG> (Thumb, 68 bytes, Stack size 56 bytes, myrtc.o(i.MyRTC_ReadTime))
<BR><BR>[Stack]<UL><LI>Max Depth = 64<LI>Call Chain = MyRTC_ReadTime &rArr; localtime &rArr; _localtime
</UL>
<BR>[Calls]<UL><LI><a href="#[d4]">&gt;&gt;</a>&nbsp;&nbsp;&nbsp;RTC_GetCounter
<LI><a href="#[d5]">&gt;&gt;</a>&nbsp;&nbsp;&nbsp;__aeabi_memcpy4
<LI><a href="#[74]">&gt;&gt;</a>&nbsp;&nbsp;&nbsp;localtime
</UL>
<BR>[Called By]<UL><LI><a href="#[0]">&gt;&gt;</a>&nbsp;&nbsp;&nbsp;Menu_Main
</UL>

<P><STRONG><a name="[d2]"></a>MyRTX_SetTime</STRONG> (Thumb, 70 bytes, Stack size 56 bytes, myrtc.o(i.MyRTX_SetTime))
<BR><BR>[Stack]<UL><LI>Max Depth = 80<LI>Call Chain = MyRTX_SetTime &rArr; mktime &rArr; _localtime
</UL>
<BR>[Calls]<UL><LI><a href="#[d0]">&gt;&gt;</a>&nbsp;&nbsp;&nbsp;RTC_WaitForLastTask
<LI><a href="#[d6]">&gt;&gt;</a>&nbsp;&nbsp;&nbsp;RTC_SetCounter
<LI><a href="#[5d]">&gt;&gt;</a>&nbsp;&nbsp;&nbsp;mktime
</UL>
<BR>[Called By]<UL><LI><a href="#[c7]">&gt;&gt;</a>&nbsp;&nbsp;&nbsp;MyRTC_Init
</UL>

<P><STRONG><a name="[a]"></a>NMI_Handler</STRONG> (Thumb, 2 bytes, Stack size 0 bytes, stm32f10x_it.o(i.NMI_Handler))
<BR>[Address Reference Count : 1]<UL><LI> startup_stm32f10x_hd.o(RESET)
</UL>
<P><STRONG><a name="[9e]"></a>NVIC_Init</STRONG> (Thumb, 100 bytes, Stack size 16 bytes, misc.o(i.NVIC_Init))
<BR><BR>[Stack]<UL><LI>Max Depth = 16<LI>Call Chain = NVIC_Init
</UL>
<BR>[Called By]<UL><LI><a href="#[ff]">&gt;&gt;</a>&nbsp;&nbsp;&nbsp;Serial_Init
<LI><a href="#[9a]">&gt;&gt;</a>&nbsp;&nbsp;&nbsp;Encoder_Init
<LI><a href="#[11b]">&gt;&gt;</a>&nbsp;&nbsp;&nbsp;usart1_init
</UL>

<P><STRONG><a name="[9d]"></a>NVIC_PriorityGroupConfig</STRONG> (Thumb, 10 bytes, Stack size 0 bytes, misc.o(i.NVIC_PriorityGroupConfig))
<BR><BR>[Called By]<UL><LI><a href="#[ff]">&gt;&gt;</a>&nbsp;&nbsp;&nbsp;Serial_Init
<LI><a href="#[9a]">&gt;&gt;</a>&nbsp;&nbsp;&nbsp;Encoder_Init
<LI><a href="#[11b]">&gt;&gt;</a>&nbsp;&nbsp;&nbsp;usart1_init
</UL>

<P><STRONG><a name="[77]"></a>OLED_Clear</STRONG> (Thumb, 36 bytes, Stack size 0 bytes, oled.o(i.OLED_Clear))
<BR><BR>[Called By]<UL><LI><a href="#[de]">&gt;&gt;</a>&nbsp;&nbsp;&nbsp;OLED_Init
<LI><a href="#[6]">&gt;&gt;</a>&nbsp;&nbsp;&nbsp;press_FR
<LI><a href="#[3]">&gt;&gt;</a>&nbsp;&nbsp;&nbsp;Menu_PassCode
<LI><a href="#[8]">&gt;&gt;</a>&nbsp;&nbsp;&nbsp;Menu_Information
<LI><a href="#[7]">&gt;&gt;</a>&nbsp;&nbsp;&nbsp;Del_FR
<LI><a href="#[5]">&gt;&gt;</a>&nbsp;&nbsp;&nbsp;Add_FR
<LI><a href="#[b0]">&gt;&gt;</a>&nbsp;&nbsp;&nbsp;Menu_RunMenu
<LI><a href="#[0]">&gt;&gt;</a>&nbsp;&nbsp;&nbsp;Menu_Main
</UL>

<P><STRONG><a name="[e6]"></a>OLED_ClearArea</STRONG> (Thumb, 140 bytes, Stack size 28 bytes, oled.o(i.OLED_ClearArea))
<BR><BR>[Stack]<UL><LI>Max Depth = 28<LI>Call Chain = OLED_ClearArea
</UL>
<BR>[Called By]<UL><LI><a href="#[e2]">&gt;&gt;</a>&nbsp;&nbsp;&nbsp;OLED_ShowImage
</UL>

<P><STRONG><a name="[d7]"></a>OLED_DrawPoint</STRONG> (Thumb, 76 bytes, Stack size 16 bytes, oled.o(i.OLED_DrawPoint))
<BR><BR>[Stack]<UL><LI>Max Depth = 16<LI>Call Chain = OLED_DrawPoint
</UL>
<BR>[Called By]<UL><LI><a href="#[c2]">&gt;&gt;</a>&nbsp;&nbsp;&nbsp;OLED_DrawRectangle
</UL>

<P><STRONG><a name="[c2]"></a>OLED_DrawRectangle</STRONG> (Thumb, 142 bytes, Stack size 32 bytes, oled.o(i.OLED_DrawRectangle))
<BR><BR>[Stack]<UL><LI>Max Depth = 48<LI>Call Chain = OLED_DrawRectangle &rArr; OLED_DrawPoint
</UL>
<BR>[Calls]<UL><LI><a href="#[d7]">&gt;&gt;</a>&nbsp;&nbsp;&nbsp;OLED_DrawPoint
</UL>
<BR>[Called By]<UL><LI><a href="#[bf]">&gt;&gt;</a>&nbsp;&nbsp;&nbsp;Menu_ShowCursor
</UL>

<P><STRONG><a name="[d8]"></a>OLED_GPIO_Init</STRONG> (Thumb, 88 bytes, Stack size 16 bytes, oled.o(i.OLED_GPIO_Init))
<BR><BR>[Stack]<UL><LI>Max Depth = 40<LI>Call Chain = OLED_GPIO_Init &rArr; GPIO_Init
</UL>
<BR>[Calls]<UL><LI><a href="#[8c]">&gt;&gt;</a>&nbsp;&nbsp;&nbsp;GPIO_Init
<LI><a href="#[8b]">&gt;&gt;</a>&nbsp;&nbsp;&nbsp;RCC_APB2PeriphClockCmd
<LI><a href="#[da]">&gt;&gt;</a>&nbsp;&nbsp;&nbsp;OLED_W_SDA
<LI><a href="#[d9]">&gt;&gt;</a>&nbsp;&nbsp;&nbsp;OLED_W_SCL
</UL>
<BR>[Called By]<UL><LI><a href="#[de]">&gt;&gt;</a>&nbsp;&nbsp;&nbsp;OLED_Init
</UL>

<P><STRONG><a name="[db]"></a>OLED_I2C_SendByte</STRONG> (Thumb, 62 bytes, Stack size 16 bytes, oled.o(i.OLED_I2C_SendByte))
<BR><BR>[Stack]<UL><LI>Max Depth = 24<LI>Call Chain = OLED_I2C_SendByte &rArr; OLED_W_SDA
</UL>
<BR>[Calls]<UL><LI><a href="#[da]">&gt;&gt;</a>&nbsp;&nbsp;&nbsp;OLED_W_SDA
<LI><a href="#[d9]">&gt;&gt;</a>&nbsp;&nbsp;&nbsp;OLED_W_SCL
</UL>
<BR>[Called By]<UL><LI><a href="#[e7]">&gt;&gt;</a>&nbsp;&nbsp;&nbsp;OLED_WriteData
<LI><a href="#[df]">&gt;&gt;</a>&nbsp;&nbsp;&nbsp;OLED_WriteCommand
</UL>

<P><STRONG><a name="[dc]"></a>OLED_I2C_Start</STRONG> (Thumb, 28 bytes, Stack size 8 bytes, oled.o(i.OLED_I2C_Start))
<BR><BR>[Stack]<UL><LI>Max Depth = 16<LI>Call Chain = OLED_I2C_Start &rArr; OLED_W_SDA
</UL>
<BR>[Calls]<UL><LI><a href="#[da]">&gt;&gt;</a>&nbsp;&nbsp;&nbsp;OLED_W_SDA
<LI><a href="#[d9]">&gt;&gt;</a>&nbsp;&nbsp;&nbsp;OLED_W_SCL
</UL>
<BR>[Called By]<UL><LI><a href="#[e7]">&gt;&gt;</a>&nbsp;&nbsp;&nbsp;OLED_WriteData
<LI><a href="#[df]">&gt;&gt;</a>&nbsp;&nbsp;&nbsp;OLED_WriteCommand
</UL>

<P><STRONG><a name="[dd]"></a>OLED_I2C_Stop</STRONG> (Thumb, 22 bytes, Stack size 8 bytes, oled.o(i.OLED_I2C_Stop))
<BR><BR>[Stack]<UL><LI>Max Depth = 16<LI>Call Chain = OLED_I2C_Stop &rArr; OLED_W_SDA
</UL>
<BR>[Calls]<UL><LI><a href="#[da]">&gt;&gt;</a>&nbsp;&nbsp;&nbsp;OLED_W_SDA
<LI><a href="#[d9]">&gt;&gt;</a>&nbsp;&nbsp;&nbsp;OLED_W_SCL
</UL>
<BR>[Called By]<UL><LI><a href="#[e7]">&gt;&gt;</a>&nbsp;&nbsp;&nbsp;OLED_WriteData
<LI><a href="#[df]">&gt;&gt;</a>&nbsp;&nbsp;&nbsp;OLED_WriteCommand
</UL>

<P><STRONG><a name="[de]"></a>OLED_Init</STRONG> (Thumb, 154 bytes, Stack size 8 bytes, oled.o(i.OLED_Init))
<BR><BR>[Stack]<UL><LI>Max Depth = 64<LI>Call Chain = OLED_Init &rArr; OLED_Update &rArr; OLED_SetCursor &rArr; OLED_WriteCommand &rArr; OLED_I2C_SendByte &rArr; OLED_W_SDA
</UL>
<BR>[Calls]<UL><LI><a href="#[df]">&gt;&gt;</a>&nbsp;&nbsp;&nbsp;OLED_WriteCommand
<LI><a href="#[79]">&gt;&gt;</a>&nbsp;&nbsp;&nbsp;OLED_Update
<LI><a href="#[d8]">&gt;&gt;</a>&nbsp;&nbsp;&nbsp;OLED_GPIO_Init
<LI><a href="#[77]">&gt;&gt;</a>&nbsp;&nbsp;&nbsp;OLED_Clear
</UL>
<BR>[Called By]<UL><LI><a href="#[4f]">&gt;&gt;</a>&nbsp;&nbsp;&nbsp;main
</UL>

<P><STRONG><a name="[e0]"></a>OLED_MyShowChinese</STRONG> (Thumb, 98 bytes, Stack size 32 bytes, oled.o(i.OLED_MyShowChinese))
<BR><BR>[Stack]<UL><LI>Max Depth = 112<LI>Call Chain = OLED_MyShowChinese &rArr; OLED_ShowImage &rArr; OLED_ClearArea
</UL>
<BR>[Calls]<UL><LI><a href="#[e2]">&gt;&gt;</a>&nbsp;&nbsp;&nbsp;OLED_ShowImage
<LI><a href="#[e1]">&gt;&gt;</a>&nbsp;&nbsp;&nbsp;strcmp
</UL>
<BR>[Called By]<UL><LI><a href="#[bb]">&gt;&gt;</a>&nbsp;&nbsp;&nbsp;OLED_ShowStringArea
</UL>

<P><STRONG><a name="[e5]"></a>OLED_Pow</STRONG> (Thumb, 20 bytes, Stack size 8 bytes, oled.o(i.OLED_Pow))
<BR><BR>[Stack]<UL><LI>Max Depth = 8<LI>Call Chain = OLED_Pow
</UL>
<BR>[Called By]<UL><LI><a href="#[b4]">&gt;&gt;</a>&nbsp;&nbsp;&nbsp;OLED_ShowNum
<LI><a href="#[b2]">&gt;&gt;</a>&nbsp;&nbsp;&nbsp;OLED_ShowHexNum
</UL>

<P><STRONG><a name="[c1]"></a>OLED_ReverseArea</STRONG> (Thumb, 140 bytes, Stack size 28 bytes, oled.o(i.OLED_ReverseArea))
<BR><BR>[Stack]<UL><LI>Max Depth = 28<LI>Call Chain = OLED_ReverseArea
</UL>
<BR>[Called By]<UL><LI><a href="#[bf]">&gt;&gt;</a>&nbsp;&nbsp;&nbsp;Menu_ShowCursor
</UL>

<P><STRONG><a name="[e3]"></a>OLED_SetCursor</STRONG> (Thumb, 34 bytes, Stack size 16 bytes, oled.o(i.OLED_SetCursor))
<BR><BR>[Stack]<UL><LI>Max Depth = 48<LI>Call Chain = OLED_SetCursor &rArr; OLED_WriteCommand &rArr; OLED_I2C_SendByte &rArr; OLED_W_SDA
</UL>
<BR>[Calls]<UL><LI><a href="#[df]">&gt;&gt;</a>&nbsp;&nbsp;&nbsp;OLED_WriteCommand
</UL>
<BR>[Called By]<UL><LI><a href="#[79]">&gt;&gt;</a>&nbsp;&nbsp;&nbsp;OLED_Update
</UL>

<P><STRONG><a name="[e4]"></a>OLED_ShowChar</STRONG> (Thumb, 74 bytes, Stack size 24 bytes, oled.o(i.OLED_ShowChar))
<BR><BR>[Stack]<UL><LI>Max Depth = 104<LI>Call Chain = OLED_ShowChar &rArr; OLED_ShowImage &rArr; OLED_ClearArea
</UL>
<BR>[Calls]<UL><LI><a href="#[e2]">&gt;&gt;</a>&nbsp;&nbsp;&nbsp;OLED_ShowImage
</UL>
<BR>[Called By]<UL><LI><a href="#[bb]">&gt;&gt;</a>&nbsp;&nbsp;&nbsp;OLED_ShowStringArea
<LI><a href="#[b1]">&gt;&gt;</a>&nbsp;&nbsp;&nbsp;OLED_ShowString
<LI><a href="#[b4]">&gt;&gt;</a>&nbsp;&nbsp;&nbsp;OLED_ShowNum
<LI><a href="#[b2]">&gt;&gt;</a>&nbsp;&nbsp;&nbsp;OLED_ShowHexNum
</UL>

<P><STRONG><a name="[b2]"></a>OLED_ShowHexNum</STRONG> (Thumb, 96 bytes, Stack size 32 bytes, oled.o(i.OLED_ShowHexNum))
<BR><BR>[Stack]<UL><LI>Max Depth = 136<LI>Call Chain = OLED_ShowHexNum &rArr; OLED_ShowChar &rArr; OLED_ShowImage &rArr; OLED_ClearArea
</UL>
<BR>[Calls]<UL><LI><a href="#[e4]">&gt;&gt;</a>&nbsp;&nbsp;&nbsp;OLED_ShowChar
<LI><a href="#[e5]">&gt;&gt;</a>&nbsp;&nbsp;&nbsp;OLED_Pow
</UL>
<BR>[Called By]<UL><LI><a href="#[8]">&gt;&gt;</a>&nbsp;&nbsp;&nbsp;Menu_Information
</UL>

<P><STRONG><a name="[e2]"></a>OLED_ShowImage</STRONG> (Thumb, 248 bytes, Stack size 52 bytes, oled.o(i.OLED_ShowImage))
<BR><BR>[Stack]<UL><LI>Max Depth = 80<LI>Call Chain = OLED_ShowImage &rArr; OLED_ClearArea
</UL>
<BR>[Calls]<UL><LI><a href="#[e6]">&gt;&gt;</a>&nbsp;&nbsp;&nbsp;OLED_ClearArea
</UL>
<BR>[Called By]<UL><LI><a href="#[b1]">&gt;&gt;</a>&nbsp;&nbsp;&nbsp;OLED_ShowString
<LI><a href="#[e4]">&gt;&gt;</a>&nbsp;&nbsp;&nbsp;OLED_ShowChar
<LI><a href="#[e0]">&gt;&gt;</a>&nbsp;&nbsp;&nbsp;OLED_MyShowChinese
</UL>

[...]
</UL>

<P><STRONG><a name="[125]"></a>vTaskSuspendAll</STRONG> (Thumb, 12 bytes, Stack size 0 bytes, tasks.o(i.vTaskSuspendAll))
<BR><BR>[Called By]<UL><LI><a href="#[b6]">&gt;&gt;</a>&nbsp;&nbsp;&nbsp;vTaskDelay
<LI><a href="#[128]">&gt;&gt;</a>&nbsp;&nbsp;&nbsp;vPortFree
<LI><a href="#[12d]">&gt;&gt;</a>&nbsp;&nbsp;&nbsp;pvPortMalloc
<LI><a href="#[124]">&gt;&gt;</a>&nbsp;&nbsp;&nbsp;prvCheckTasksWaitingTermination
</UL>

<P><STRONG><a name="[5c]"></a>vTaskSwitchContext</STRONG> (Thumb, 76 bytes, Stack size 0 bytes, tasks.o(i.vTaskSwitchContext))
<BR><BR>[Called By]<UL><LI><a href="#[11]">&gt;&gt;</a>&nbsp;&nbsp;&nbsp;xPortPendSVHandler
</UL>

<P><STRONG><a name="[133]"></a>xPortStartScheduler</STRONG> (Thumb, 42 bytes, Stack size 8 bytes, port.o(i.xPortStartScheduler))
<BR><BR>[Stack]<UL><LI>Max Depth = 8<LI>Call Chain = xPortStartScheduler
</UL>
<BR>[Calls]<UL><LI><a href="#[134]">&gt;&gt;</a>&nbsp;&nbsp;&nbsp;vPortSetupTimerInterrupt
<LI><a href="#[135]">&gt;&gt;</a>&nbsp;&nbsp;&nbsp;__asm___6_port_c_39a90d8d__prvStartFirstTask
</UL>
<BR>[Called By]<UL><LI><a href="#[11a]">&gt;&gt;</a>&nbsp;&nbsp;&nbsp;vTaskStartScheduler
</UL>

<P><STRONG><a name="[12]"></a>xPortSysTickHandler</STRONG> (Thumb, 46 bytes, Stack size 8 bytes, port.o(i.xPortSysTickHandler))
<BR><BR>[Stack]<UL><LI>Max Depth = 32<LI>Call Chain = xPortSysTickHandler &rArr; xTaskIncrementTick
</UL>
<BR>[Calls]<UL><LI><a href="#[136]">&gt;&gt;</a>&nbsp;&nbsp;&nbsp;xTaskIncrementTick
</UL>
<BR>[Address Reference Count : 1]<UL><LI> startup_stm32f10x_hd.o(RESET)
</UL>
<P><STRONG><a name="[119]"></a>xTaskCreate</STRONG> (Thumb, 96 bytes, Stack size 72 bytes, tasks.o(i.xTaskCreate))
<BR><BR>[Stack]<UL><LI>Max Depth = 136<LI>Call Chain = xTaskCreate &rArr; pvPortMalloc &rArr; xTaskResumeAll &rArr; xTaskIncrementTick
</UL>
<BR>[Calls]<UL><LI><a href="#[128]">&gt;&gt;</a>&nbsp;&nbsp;&nbsp;vPortFree
<LI><a href="#[12d]">&gt;&gt;</a>&nbsp;&nbsp;&nbsp;pvPortMalloc
<LI><a href="#[129]">&gt;&gt;</a>&nbsp;&nbsp;&nbsp;prvInitialiseNewTask
<LI><a href="#[120]">&gt;&gt;</a>&nbsp;&nbsp;&nbsp;prvAddNewTaskToReadyList
</UL>
<BR>[Called By]<UL><LI><a href="#[11a]">&gt;&gt;</a>&nbsp;&nbsp;&nbsp;vTaskStartScheduler
<LI><a href="#[54]">&gt;&gt;</a>&nbsp;&nbsp;&nbsp;start_task
<LI><a href="#[118]">&gt;&gt;</a>&nbsp;&nbsp;&nbsp;freertos_demo
</UL>

<P><STRONG><a name="[136]"></a>xTaskIncrementTick</STRONG> (Thumb, 238 bytes, Stack size 24 bytes, tasks.o(i.xTaskIncrementTick))
<BR><BR>[Stack]<UL><LI>Max Depth = 24<LI>Call Chain = xTaskIncrementTick
</UL>
<BR>[Calls]<UL><LI><a href="#[11e]">&gt;&gt;</a>&nbsp;&nbsp;&nbsp;vListInsertEnd
<LI><a href="#[11d]">&gt;&gt;</a>&nbsp;&nbsp;&nbsp;uxListRemove
<LI><a href="#[132]">&gt;&gt;</a>&nbsp;&nbsp;&nbsp;prvResetNextTaskUnblockTime
</UL>
<BR>[Called By]<UL><LI><a href="#[12]">&gt;&gt;</a>&nbsp;&nbsp;&nbsp;xPortSysTickHandler
<LI><a href="#[126]">&gt;&gt;</a>&nbsp;&nbsp;&nbsp;xTaskResumeAll
</UL>

<P><STRONG><a name="[126]"></a>xTaskResumeAll</STRONG> (Thumb, 196 bytes, Stack size 16 bytes, tasks.o(i.xTaskResumeAll))
<BR><BR>[Stack]<UL><LI>Max Depth = 40<LI>Call Chain = xTaskResumeAll &rArr; xTaskIncrementTick
</UL>
<BR>[Calls]<UL><LI><a href="#[11e]">&gt;&gt;</a>&nbsp;&nbsp;&nbsp;vListInsertEnd
<LI><a href="#[11d]">&gt;&gt;</a>&nbsp;&nbsp;&nbsp;uxListRemove
<LI><a href="#[136]">&gt;&gt;</a>&nbsp;&nbsp;&nbsp;xTaskIncrementTick
<LI><a href="#[123]">&gt;&gt;</a>&nbsp;&nbsp;&nbsp;vPortExitCritical
<LI><a href="#[121]">&gt;&gt;</a>&nbsp;&nbsp;&nbsp;vPortEnterCritical
<LI><a href="#[132]">&gt;&gt;</a>&nbsp;&nbsp;&nbsp;prvResetNextTaskUnblockTime
</UL>
<BR>[Called By]<UL><LI><a href="#[b6]">&gt;&gt;</a>&nbsp;&nbsp;&nbsp;vTaskDelay
<LI><a href="#[128]">&gt;&gt;</a>&nbsp;&nbsp;&nbsp;vPortFree
<LI><a href="#[12d]">&gt;&gt;</a>&nbsp;&nbsp;&nbsp;pvPortMalloc
<LI><a href="#[124]">&gt;&gt;</a>&nbsp;&nbsp;&nbsp;prvCheckTasksWaitingTermination
</UL>
<P>
<H3>
Local Symbols
</H3>
<P><STRONG><a name="[107]"></a>SetSysClock</STRONG> (Thumb, 8 bytes, Stack size 8 bytes, system_stm32f10x.o(i.SetSysClock))
<BR><BR>[Stack]<UL><LI>Max Depth = 20<LI>Call Chain = SetSysClock &rArr; SetSysClockTo72
</UL>
<BR>[Calls]<UL><LI><a href="#[108]">&gt;&gt;</a>&nbsp;&nbsp;&nbsp;SetSysClockTo72
</UL>
<BR>[Called By]<UL><LI><a href="#[50]">&gt;&gt;</a>&nbsp;&nbsp;&nbsp;SystemInit
</UL>

<P><STRONG><a name="[108]"></a>SetSysClockTo72</STRONG> (Thumb, 214 bytes, Stack size 12 bytes, system_stm32f10x.o(i.SetSysClockTo72))
<BR><BR>[Stack]<UL><LI>Max Depth = 12<LI>Call Chain = SetSysClockTo72
</UL>
<BR>[Called By]<UL><LI><a href="#[107]">&gt;&gt;</a>&nbsp;&nbsp;&nbsp;SetSysClock
</UL>

<P><STRONG><a name="[a4]"></a>JudgeStr</STRONG> (Thumb, 112 bytes, Stack size 24 bytes, as608.o(i.JudgeStr))
<BR><BR>[Stack]<UL><LI>Max Depth = 56<LI>Call Chain = JudgeStr &rArr; USART1_GetRxFlag &rArr; TIM4_Delayms
</UL>
<BR>[Calls]<UL><LI><a href="#[a5]">&gt;&gt;</a>&nbsp;&nbsp;&nbsp;USART3_RxPacket_Clear
<LI><a href="#[a6]">&gt;&gt;</a>&nbsp;&nbsp;&nbsp;USART1_GetRxFlag
<LI><a href="#[7a]">&gt;&gt;</a>&nbsp;&nbsp;&nbsp;TIM4_Delayms
<LI><a href="#[a7]">&gt;&gt;</a>&nbsp;&nbsp;&nbsp;strstr
</UL>
<BR>[Called By]<UL><LI><a href="#[7c]">&gt;&gt;</a>&nbsp;&nbsp;&nbsp;PS_ValidTempleteNum
<LI><a href="#[87]">&gt;&gt;</a>&nbsp;&nbsp;&nbsp;PS_StoreChar
<LI><a href="#[85]">&gt;&gt;</a>&nbsp;&nbsp;&nbsp;PS_RegModel
<LI><a href="#[7e]">&gt;&gt;</a>&nbsp;&nbsp;&nbsp;PS_ReadSysPara
<LI><a href="#[84]">&gt;&gt;</a>&nbsp;&nbsp;&nbsp;PS_Match
<LI><a href="#[ef]">&gt;&gt;</a>&nbsp;&nbsp;&nbsp;PS_HighSpeedSearch
<LI><a href="#[80]">&gt;&gt;</a>&nbsp;&nbsp;&nbsp;PS_GetImage
<LI><a href="#[82]">&gt;&gt;</a>&nbsp;&nbsp;&nbsp;PS_GenChar
<LI><a href="#[90]">&gt;&gt;</a>&nbsp;&nbsp;&nbsp;PS_Empty
<LI><a href="#[91]">&gt;&gt;</a>&nbsp;&nbsp;&nbsp;PS_DeletChar
</UL>

<P><STRONG><a name="[a9]"></a>MYUSART_SendData</STRONG> (Thumb, 12 bytes, Stack size 8 bytes, as608.o(i.MYUSART_SendData))
<BR><BR>[Stack]<UL><LI>Max Depth = 16<LI>Call Chain = MYUSART_SendData &rArr; USART1_SendByte
</UL>
<BR>[Calls]<UL><LI><a href="#[aa]">&gt;&gt;</a>&nbsp;&nbsp;&nbsp;USART1_SendByte
</UL>
<BR>[Called By]<UL><LI><a href="#[87]">&gt;&gt;</a>&nbsp;&nbsp;&nbsp;PS_StoreChar
<LI><a href="#[ef]">&gt;&gt;</a>&nbsp;&nbsp;&nbsp;PS_HighSpeedSearch
<LI><a href="#[7b]">&gt;&gt;</a>&nbsp;&nbsp;&nbsp;PS_HandShake
<LI><a href="#[82]">&gt;&gt;</a>&nbsp;&nbsp;&nbsp;PS_GenChar
<LI><a href="#[91]">&gt;&gt;</a>&nbsp;&nbsp;&nbsp;PS_DeletChar
<LI><a href="#[ed]">&gt;&gt;</a>&nbsp;&nbsp;&nbsp;Sendcmd
<LI><a href="#[ec]">&gt;&gt;</a>&nbsp;&nbsp;&nbsp;SendLength
<LI><a href="#[e9]">&gt;&gt;</a>&nbsp;&nbsp;&nbsp;SendHead
<LI><a href="#[eb]">&gt;&gt;</a>&nbsp;&nbsp;&nbsp;SendFlag
<LI><a href="#[ee]">&gt;&gt;</a>&nbsp;&nbsp;&nbsp;SendCheck
<LI><a href="#[ea]">&gt;&gt;</a>&nbsp;&nbsp;&nbsp;SendAddr
</UL>

<P><STRONG><a name="[ea]"></a>SendAddr</STRONG> (Thumb, 46 bytes, Stack size 8 bytes, as608.o(i.SendAddr))
<BR><BR>[Stack]<UL><LI>Max Depth = 24<LI>Call Chain = SendAddr &rArr; MYUSART_SendData &rArr; USART1_SendByte
</UL>
<BR>[Calls]<UL><LI><a href="#[a9]">&gt;&gt;</a>&nbsp;&nbsp;&nbsp;MYUSART_SendData
</UL>
<BR>[Called By]<UL><LI><a href="#[7c]">&gt;&gt;</a>&nbsp;&nbsp;&nbsp;PS_ValidTempleteNum
<LI><a href="#[87]">&gt;&gt;</a>&nbsp;&nbsp;&nbsp;PS_StoreChar
<LI><a href="#[85]">&gt;&gt;</a>&nbsp;&nbsp;&nbsp;PS_RegModel
<LI><a href="#[7e]">&gt;&gt;</a>&nbsp;&nbsp;&nbsp;PS_ReadSysPara
<LI><a href="#[84]">&gt;&gt;</a>&nbsp;&nbsp;&nbsp;PS_Match
<LI><a href="#[ef]">&gt;&gt;</a>&nbsp;&nbsp;&nbsp;PS_HighSpeedSearch
<LI><a href="#[7b]">&gt;&gt;</a>&nbsp;&nbsp;&nbsp;PS_HandShake
<LI><a href="#[80]">&gt;&gt;</a>&nbsp;&nbsp;&nbsp;PS_GetImage
<LI><a href="#[82]">&gt;&gt;</a>&nbsp;&nbsp;&nbsp;PS_GenChar
<LI><a href="#[90]">&gt;&gt;</a>&nbsp;&nbsp;&nbsp;PS_Empty
<LI><a href="#[91]">&gt;&gt;</a>&nbsp;&nbsp;&nbsp;PS_DeletChar
</UL>

<P><STRONG><a name="[ee]"></a>SendCheck</STRONG> (Thumb, 18 bytes, Stack size 8 bytes, as608.o(i.SendCheck))
<BR><BR>[Stack]<UL><LI>Max Depth = 24<LI>Call Chain = SendCheck &rArr; MYUSART_SendData &rArr; USART1_SendByte
</UL>
<BR>[Calls]<UL><LI><a href="#[a9]">&gt;&gt;</a>&nbsp;&nbsp;&nbsp;MYUSART_SendData
</UL>
<BR>[Called By]<UL><LI><a href="#[7c]">&gt;&gt;</a>&nbsp;&nbsp;&nbsp;PS_ValidTempleteNum
<LI><a href="#[87]">&gt;&gt;</a>&nbsp;&nbsp;&nbsp;PS_StoreChar
<LI><a href="#[85]">&gt;&gt;</a>&nbsp;&nbsp;&nbsp;PS_RegModel
<LI><a href="#[7e]">&gt;&gt;</a>&nbsp;&nbsp;&nbsp;PS_ReadSysPara
<LI><a href="#[84]">&gt;&gt;</a>&nbsp;&nbsp;&nbsp;PS_Match
<LI><a href="#[ef]">&gt;&gt;</a>&nbsp;&nbsp;&nbsp;PS_HighSpeedSearch
<LI><a href="#[80]">&gt;&gt;</a>&nbsp;&nbsp;&nbsp;PS_GetImage
<LI><a href="#[82]">&gt;&gt;</a>&nbsp;&nbsp;&nbsp;PS_GenChar
<LI><a href="#[90]">&gt;&gt;</a>&nbsp;&nbsp;&nbsp;PS_Empty
<LI><a href="#[91]">&gt;&gt;</a>&nbsp;&nbsp;&nbsp;PS_DeletChar
</UL>

<P><STRONG><a name="[eb]"></a>SendFlag</STRONG> (Thumb, 12 bytes, Stack size 8 bytes, as608.o(i.SendFlag))
<BR><BR>[Stack]<UL><LI>Max Depth = 24<LI>Call Chain = SendFlag &rArr; MYUSART_SendData &rArr; USART1_SendByte
</UL>
<BR>[Calls]<UL><LI><a href="#[a9]">&gt;&gt;</a>&nbsp;&nbsp;&nbsp;MYUSART_SendData
</UL>
<BR>[Called By]<UL><LI><a href="#[7c]">&gt;&gt;</a>&nbsp;&nbsp;&nbsp;PS_ValidTempleteNum
<LI><a href="#[87]">&gt;&gt;</a>&nbsp;&nbsp;&nbsp;PS_StoreChar
<LI><a href="#[85]">&gt;&gt;</a>&nbsp;&nbsp;&nbsp;PS_RegModel
<LI><a href="#[7e]">&gt;&gt;</a>&nbsp;&nbsp;&nbsp;PS_ReadSysPara
<LI><a href="#[84]">&gt;&gt;</a>&nbsp;&nbsp;&nbsp;PS_Match
<LI><a href="#[ef]">&gt;&gt;</a>&nbsp;&nbsp;&nbsp;PS_HighSpeedSearch
<LI><a href="#[80]">&gt;&gt;</a>&nbsp;&nbsp;&nbsp;PS_GetImage
<LI><a href="#[82]">&gt;&gt;</a>&nbsp;&nbsp;&nbsp;PS_GenChar
<LI><a href="#[90]">&gt;&gt;</a>&nbsp;&nbsp;&nbsp;PS_Empty
<LI><a href="#[91]">&gt;&gt;</a>&nbsp;&nbsp;&nbsp;PS_DeletChar
</UL>

<P><STRONG><a name="[e9]"></a>SendHead</STRONG> (Thumb, 16 bytes, Stack size 8 bytes, as608.o(i.SendHead))
<BR><BR>[Stack]<UL><LI>Max Depth = 24<LI>Call Chain = SendHead &rArr; MYUSART_SendData &rArr; USART1_SendByte
</UL>
<BR>[Calls]<UL><LI><a href="#[a9]">&gt;&gt;</a>&nbsp;&nbsp;&nbsp;MYUSART_SendData
</UL>
<BR>[Called By]<UL><LI><a href="#[7c]">&gt;&gt;</a>&nbsp;&nbsp;&nbsp;PS_ValidTempleteNum
<LI><a href="#[87]">&gt;&gt;</a>&nbsp;&nbsp;&nbsp;PS_StoreChar
<LI><a href="#[85]">&gt;&gt;</a>&nbsp;&nbsp;&nbsp;PS_RegModel
<LI><a href="#[7e]">&gt;&gt;</a>&nbsp;&nbsp;&nbsp;PS_ReadSysPara
<LI><a href="#[84]">&gt;&gt;</a>&nbsp;&nbsp;&nbsp;PS_Match
<LI><a href="#[ef]">&gt;&gt;</a>&nbsp;&nbsp;&nbsp;PS_HighSpeedSearch
<LI><a href="#[7b]">&gt;&gt;</a>&nbsp;&nbsp;&nbsp;PS_HandShake
<LI><a href="#[80]">&gt;&gt;</a>&nbsp;&nbsp;&nbsp;PS_GetImage
<LI><a href="#[82]">&gt;&gt;</a>&nbsp;&nbsp;&nbsp;PS_GenChar
<LI><a href="#[90]">&gt;&gt;</a>&nbsp;&nbsp;&nbsp;PS_Empty
<LI><a href="#[91]">&gt;&gt;</a>&nbsp;&nbsp;&nbsp;PS_DeletChar
</UL>

<P><STRONG><a name="[ec]"></a>SendLength</STRONG> (Thumb, 20 bytes, Stack size 8 bytes, as608.o(i.SendLength))
<BR><BR>[Stack]<UL><LI>Max Depth = 24<LI>Call Chain = SendLength &rArr; MYUSART_SendData &rArr; USART1_SendByte
</UL>
<BR>[Calls]<UL><LI><a href="#[a9]">&gt;&gt;</a>&nbsp;&nbsp;&nbsp;MYUSART_SendData
</UL>
<BR>[Called By]<UL><LI><a href="#[7c]">&gt;&gt;</a>&nbsp;&nbsp;&nbsp;PS_ValidTempleteNum
<LI><a href="#[87]">&gt;&gt;</a>&nbsp;&nbsp;&nbsp;PS_StoreChar
<LI><a href="#[85]">&gt;&gt;</a>&nbsp;&nbsp;&nbsp;PS_RegModel
<LI><a href="#[7e]">&gt;&gt;</a>&nbsp;&nbsp;&nbsp;PS_ReadSysPara
<LI><a href="#[84]">&gt;&gt;</a>&nbsp;&nbsp;&nbsp;PS_Match
<LI><a href="#[ef]">&gt;&gt;</a>&nbsp;&nbsp;&nbsp;PS_HighSpeedSearch
<LI><a href="#[80]">&gt;&gt;</a>&nbsp;&nbsp;&nbsp;PS_GetImage
<LI><a href="#[82]">&gt;&gt;</a>&nbsp;&nbsp;&nbsp;PS_GenChar
<LI><a href="#[90]">&gt;&gt;</a>&nbsp;&nbsp;&nbsp;PS_Empty
<LI><a href="#[91]">&gt;&gt;</a>&nbsp;&nbsp;&nbsp;PS_DeletChar
</UL>

<P><STRONG><a name="[ed]"></a>Sendcmd</STRONG> (Thumb, 12 bytes, Stack size 8 bytes, as608.o(i.Sendcmd))
<BR><BR>[Stack]<UL><LI>Max Depth = 24<LI>Call Chain = Sendcmd &rArr; MYUSART_SendData &rArr; USART1_SendByte
</UL>
<BR>[Calls]<UL><LI><a href="#[a9]">&gt;&gt;</a>&nbsp;&nbsp;&nbsp;MYUSART_SendData
</UL>
<BR>[Called By]<UL><LI><a href="#[7c]">&gt;&gt;</a>&nbsp;&nbsp;&nbsp;PS_ValidTempleteNum
<LI><a href="#[87]">&gt;&gt;</a>&nbsp;&nbsp;&nbsp;PS_StoreChar
<LI><a href="#[85]">&gt;&gt;</a>&nbsp;&nbsp;&nbsp;PS_RegModel
<LI><a href="#[7e]">&gt;&gt;</a>&nbsp;&nbsp;&nbsp;PS_ReadSysPara
<LI><a href="#[84]">&gt;&gt;</a>&nbsp;&nbsp;&nbsp;PS_Match
<LI><a href="#[ef]">&gt;&gt;</a>&nbsp;&nbsp;&nbsp;PS_HighSpeedSearch
<LI><a href="#[80]">&gt;&gt;</a>&nbsp;&nbsp;&nbsp;PS_GetImage
<LI><a href="#[82]">&gt;&gt;</a>&nbsp;&nbsp;&nbsp;PS_GenChar
<LI><a href="#[90]">&gt;&gt;</a>&nbsp;&nbsp;&nbsp;PS_Empty
<LI><a href="#[91]">&gt;&gt;</a>&nbsp;&nbsp;&nbsp;PS_DeletChar
</UL>

<P><STRONG><a name="[55]"></a>prvTaskExitError</STRONG> (Thumb, 22 bytes, Stack size 0 bytes, port.o(i.prvTaskExitError))
<BR>[Address Reference Count : 1]<UL><LI> port.o(i.pxPortInitialiseStack)
</UL>
<P><STRONG><a name="[12e]"></a>prvHeapInit</STRONG> (Thumb, 98 bytes, Stack size 12 bytes, heap_4.o(i.prvHeapInit))
<BR><BR>[Stack]<UL><LI>Max Depth = 12<LI>Call Chain = prvHeapInit
</UL>
<BR>[Called By]<UL><LI><a href="#[12d]">&gt;&gt;</a>&nbsp;&nbsp;&nbsp;pvPortMalloc
</UL>

<P><STRONG><a name="[12f]"></a>prvInsertBlockIntoFreeList</STRONG> (Thumb, 96 bytes, Stack size 8 bytes, heap_4.o(i.prvInsertBlockIntoFreeList))
<BR><BR>[Stack]<UL><LI>Max Depth = 8<LI>Call Chain = prvInsertBlockIntoFreeList
</UL>
<BR>[Called By]<UL><LI><a href="#[128]">&gt;&gt;</a>&nbsp;&nbsp;&nbsp;vPortFree
<LI><a href="#[12d]">&gt;&gt;</a>&nbsp;&nbsp;&nbsp;pvPortMalloc
</UL>

<P><STRONG><a name="[11c]"></a>prvAddCurrentTaskToDelayedList</STRONG> (Thumb, 124 bytes, Stack size 24 bytes, tasks.o(i.prvAddCurrentTaskToDelayedList))
<BR><BR>[Stack]<UL><LI>Max Depth = 32<LI>Call Chain = prvAddCurrentTaskToDelayedList &rArr; vListInsert
</UL>
<BR>[Calls]<UL><LI><a href="#[11e]">&gt;&gt;</a>&nbsp;&nbsp;&nbsp;vListInsertEnd
<LI><a href="#[11f]">&gt;&gt;</a>&nbsp;&nbsp;&nbsp;vListInsert
<LI><a href="#[11d]">&gt;&gt;</a>&nbsp;&nbsp;&nbsp;uxListRemove
</UL>
<BR>[Called By]<UL><LI><a href="#[b6]">&gt;&gt;</a>&nbsp;&nbsp;&nbsp;vTaskDelay
</UL>

<P><STRONG><a name="[120]"></a>prvAddNewTaskToReadyList</STRONG> (Thumb, 150 bytes, Stack size 8 bytes, tasks.o(i.prvAddNewTaskToReadyList))
<BR><BR>[Stack]<UL><LI>Max Depth = 16<LI>Call Chain = prvAddNewTaskToReadyList &rArr; prvInitialiseTaskLists
</UL>
<BR>[Calls]<UL><LI><a href="#[11e]">&gt;&gt;</a>&nbsp;&nbsp;&nbsp;vListInsertEnd
<LI><a href="#[123]">&gt;&gt;</a>&nbsp;&nbsp;&nbsp;vPortExitCritical
<LI><a href="#[121]">&gt;&gt;</a>&nbsp;&nbsp;&nbsp;vPortEnterCritical
<LI><a href="#[122]">&gt;&gt;</a>&nbsp;&nbsp;&nbsp;prvInitialiseTaskLists
</UL>
<BR>[Called By]<UL><LI><a href="#[119]">&gt;&gt;</a>&nbsp;&nbsp;&nbsp;xTaskCreate
</UL>

<P><STRONG><a name="[124]"></a>prvCheckTasksWaitingTermination</STRONG> (Thumb, 86 bytes, Stack size 16 bytes, tasks.o(i.prvCheckTasksWaitingTermination))
<BR><BR>[Stack]<UL><LI>Max Depth = 80<LI>Call Chain = prvCheckTasksWaitingTermination &rArr; prvDeleteTCB &rArr; vPortFree &rArr; xTaskResumeAll &rArr; xTaskIncrementTick
</UL>
<BR>[Calls]<UL><LI><a href="#[11d]">&gt;&gt;</a>&nbsp;&nbsp;&nbsp;uxListRemove
<LI><a href="#[126]">&gt;&gt;</a>&nbsp;&nbsp;&nbsp;xTaskResumeAll
<LI><a href="#[125]">&gt;&gt;</a>&nbsp;&nbsp;&nbsp;vTaskSuspendAll
<LI><a href="#[123]">&gt;&gt;</a>&nbsp;&nbsp;&nbsp;vPortExitCritical
<LI><a href="#[121]">&gt;&gt;</a>&nbsp;&nbsp;&nbsp;vPortEnterCritical
<LI><a href="#[127]">&gt;&gt;</a>&nbsp;&nbsp;&nbsp;prvDeleteTCB
</UL>
<BR>[Called By]<UL><LI><a href="#[59]">&gt;&gt;</a>&nbsp;&nbsp;&nbsp;prvIdleTask
</UL>

<P><STRONG><a name="[127]"></a>prvDeleteTCB</STRONG> (Thumb, 18 bytes, Stack size 8 bytes, tasks.o(i.prvDeleteTCB))
<BR><BR>[Stack]<UL><LI>Max Depth = 64<LI>Call Chain = prvDeleteTCB &rArr; vPortFree &rArr; xTaskResumeAll &rArr; xTaskIncrementTick
</UL>
<BR>[Calls]<UL><LI><a href="#[128]">&gt;&gt;</a>&nbsp;&nbsp;&nbsp;vPortFree
</UL>
<BR>[Called By]<UL><LI><a href="#[130]">&gt;&gt;</a>&nbsp;&nbsp;&nbsp;vTaskDelete
<LI><a href="#[124]">&gt;&gt;</a>&nbsp;&nbsp;&nbsp;prvCheckTasksWaitingTermination
</UL>

<P><STRONG><a name="[59]"></a>prvIdleTask</STRONG> (Thumb, 32 bytes, Stack size 0 bytes, tasks.o(i.prvIdleTask))
<BR><BR>[Stack]<UL><LI>Max Depth = 80<LI>Call Chain = prvIdleTask &rArr; prvCheckTasksWaitingTermination &rArr; prvDeleteTCB &rArr; vPortFree &rArr; xTaskResumeAll &rArr; xTaskIncrementTick
</UL>
<BR>[Calls]<UL><LI><a href="#[124]">&gt;&gt;</a>&nbsp;&nbsp;&nbsp;prvCheckTasksWaitingTermination
</UL>
<BR>[Address Reference Count : 1]<UL><LI> tasks.o(i.vTaskStartScheduler)
</UL>
<P><STRONG><a name="[129]"></a>prvInitialiseNewTask</STRONG> (Thumb, 128 bytes, Stack size 56 bytes, tasks.o(i.prvInitialiseNewTask))
<BR><BR>[Stack]<UL><LI>Max Depth = 56<LI>Call Chain = prvInitialiseNewTask
</UL>
<BR>[Calls]<UL><LI><a href="#[12a]">&gt;&gt;</a>&nbsp;&nbsp;&nbsp;vListInitialiseItem
<LI><a href="#[12b]">&gt;&gt;</a>&nbsp;&nbsp;&nbsp;pxPortInitialiseStack
</UL>
<BR>[Called By]<UL><LI><a href="#[119]">&gt;&gt;</a>&nbsp;&nbsp;&nbsp;xTaskCreate
</UL>

<P><STRONG><a name="[122]"></a>prvInitialiseTaskLists</STRONG> (Thumb, 70 bytes, Stack size 8 bytes, tasks.o(i.prvInitialiseTaskLists))
<BR><BR>[Stack]<UL><LI>Max Depth = 8<LI>Call Chain = prvInitialiseTaskLists
</UL>
<BR>[Calls]<UL><LI><a href="#[12c]">&gt;&gt;</a>&nbsp;&nbsp;&nbsp;vListInitialise
</UL>
<BR>[Called By]<UL><LI><a href="#[120]">&gt;&gt;</a>&nbsp;&nbsp;&nbsp;prvAddNewTaskToReadyList
</UL>

<P><STRONG><a name="[132]"></a>prvResetNextTaskUnblockTime</STRONG> (Thumb, 42 bytes, Stack size 0 bytes, tasks.o(i.prvResetNextTaskUnblockTime))
<BR><BR>[Called By]<UL><LI><a href="#[126]">&gt;&gt;</a>&nbsp;&nbsp;&nbsp;xTaskResumeAll
<LI><a href="#[136]">&gt;&gt;</a>&nbsp;&nbsp;&nbsp;xTaskIncrementTick
<LI><a href="#[130]">&gt;&gt;</a>&nbsp;&nbsp;&nbsp;vTaskDelete
</UL>

<P><STRONG><a name="[113]"></a>_fp_digits</STRONG> (Thumb, 366 bytes, Stack size 64 bytes, printfa.o(i._fp_digits), UNUSED)
<BR><BR>[Calls]<UL><LI><a href="#[6f]">&gt;&gt;</a>&nbsp;&nbsp;&nbsp;__aeabi_dmul
<LI><a href="#[70]">&gt;&gt;</a>&nbsp;&nbsp;&nbsp;__aeabi_ddiv
<LI><a href="#[68]">&gt;&gt;</a>&nbsp;&nbsp;&nbsp;__aeabi_dadd
<LI><a href="#[114]">&gt;&gt;</a>&nbsp;&nbsp;&nbsp;__aeabi_cdrcmple
<LI><a href="#[72]">&gt;&gt;</a>&nbsp;&nbsp;&nbsp;__aeabi_uldivmod
<LI><a href="#[75]">&gt;&gt;</a>&nbsp;&nbsp;&nbsp;__aeabi_d2ulz
</UL>
<BR>[Called By]<UL><LI><a href="#[111]">&gt;&gt;</a>&nbsp;&nbsp;&nbsp;_printf_core
</UL>

<P><STRONG><a name="[111]"></a>_printf_core</STRONG> (Thumb, 1704 bytes, Stack size 136 bytes, printfa.o(i._printf_core), UNUSED)
<BR><BR>[Calls]<UL><LI><a href="#[72]">&gt;&gt;</a>&nbsp;&nbsp;&nbsp;__aeabi_uldivmod
<LI><a href="#[117]">&gt;&gt;</a>&nbsp;&nbsp;&nbsp;__aeabi_uidivmod
<LI><a href="#[115]">&gt;&gt;</a>&nbsp;&nbsp;&nbsp;_printf_pre_padding
<LI><a href="#[116]">&gt;&gt;</a>&nbsp;&nbsp;&nbsp;_printf_post_padding
<LI><a href="#[113]">&gt;&gt;</a>&nbsp;&nbsp;&nbsp;_fp_digits
</UL>
<BR>[Called By]<UL><LI><a href="#[112]">&gt;&gt;</a>&nbsp;&nbsp;&nbsp;__0vsprintf
<LI><a href="#[110]">&gt;&gt;</a>&nbsp;&nbsp;&nbsp;__0printf
</UL>

<P><STRONG><a name="[116]"></a>_printf_post_padding</STRONG> (Thumb, 36 bytes, Stack size 24 bytes, printfa.o(i._printf_post_padding), UNUSED)
<BR><BR>[Called By]<UL><LI><a href="#[111]">&gt;&gt;</a>&nbsp;&nbsp;&nbsp;_printf_core
</UL>

<P><STRONG><a name="[115]"></a>_printf_pre_padding</STRONG> (Thumb, 46 bytes, Stack size 24 bytes, printfa.o(i._printf_pre_padding), UNUSED)
<BR><BR>[Called By]<UL><LI><a href="#[111]">&gt;&gt;</a>&nbsp;&nbsp;&nbsp;_printf_core
</UL>

<P><STRONG><a name="[53]"></a>_sputc</STRONG> (Thumb, 10 bytes, Stack size 0 bytes, printfa.o(i._sputc))
<BR><BR>[Called By]<UL><LI><a href="#[112]">&gt;&gt;</a>&nbsp;&nbsp;&nbsp;__0vsprintf
</UL>
<BR>[Address Reference Count : 1]<UL><LI> printfa.o(i.__0vsprintf)
</UL><P>
<H3>
Undefined Global Symbols
</H3><HR></body></html>
